[FABRIC:MT] Ignored extension directory 'D:\fabric\FabricEngine-2.1.0-Windows-x86_64\Tests\Exts': unable to open directory 'D:\fabric\FabricEngine-2.1.0-Windows-x86_64\Tests\Exts': The system cannot find the path specified. (code 3 [0x3])Ankle Xfo: {ori:{v:{x:-0.6015,y:+0.601501,z:-0.371748},w:-0.371747},tr:{x:+1.75,y:+1.15,z:-1.25},sc:{x:+1.0,y:+1.0,z:+1.0}}Toe Xfo: {ori:{v:{x:-0.5,y:+0.5,z:-0.5},w:-0.5},tr:{x:+1.749999,y:+0.399999,z:+0.25},sc:{x:+0.999999,y:+0.999999,z:+0.999999}}