[FABRIC:MT] Ignored extension directory 'D:\fabric\FabricEngine-2.1.0-Windows-x86_64\Tests\Exts': unable to open directory 'D:\fabric\FabricEngine-2.1.0-Windows-x86_64\Tests\Exts': The system cannot find the path specified. (code 3 [0x3])Pivot Xfo: {ori:{v:{x:+0.0,y:+0.0,z:+0.0},w:+1.0},tr:{x:+1.75,y:+1.15,z:-1.25},sc:{x:+1.0,y:+1.0,z:+1.0}}