Pose0.tr: {x:-0.612323e-15,y:+10.0,z:+0.0}Pose0.ori: {x:+0.0,y:+0.0,z:+2.514646e-2}Pose1.tr: {x:+3.127701,y:+10.07866,z:+0.0}Pose1.ori: {x:+0.0,y:+0.0,z:-0.492913}Pose2.tr: {x:+5.883945,y:+8.598187,z:+0.0}Pose2.ori: {x:+0.0,y:+0.0,z:-0.953275}Pose3.tr: {x:+7.695504,y:+6.047314,z:+0.0}Pose3.ori: {x:+0.0,y:+0.0,z:-1.392558}Pose4.tr: {x:+8.250209,y:+2.968191,z:+0.0}Pose4.ori: {x:+0.0,y:+0.0,z:-1.823695}Leg End: {ori:{v:{x:+0.0,y:+0.0,z:+0.0},w:+1.0},tr:{x:+7.999996,y:+2.0,z:+0.0},sc:{x:+1.0,y:+1.0,z:+1.0}}