[FABRIC:MT] Ignored extension directory 'D:\fabric\FabricEngine-2.1.0-Windows-x86_64\Tests\Exts': unable to open directory 'D:\fabric\FabricEngine-2.1.0-Windows-x86_64\Tests\Exts': The system cannot find the path specified. (code 3 [0x3]){row0:{x:-1.192092e-7,y:+0.0,z:-1.0,t:+0.0},row1:{x:+0.894427,y:+0.447213,z:+0.0,t:+16.0},row2:{x:+0.447213,y:-0.894427,z:-1.192092e-7,t:-0.75},row3:{x:+0.0,y:+0.0,z:+0.0,t:+1.0}}{row0:{x:-1.192092e-7,y:+0.0,z:-1.0,t:+0.0},row1:{x:+0.894427,y:+0.447213,z:+0.0,t:+16.5},row2:{x:+0.447213,y:-0.894427,z:-1.192092e-7,t:-0.5},row3:{x:+0.0,y:+0.0,z:+0.0,t:+1.0}}{row0:{x:-1.192092e-7,y:+0.0,z:-1.0,t:+0.0},row1:{x:+0.894427,y:+0.447213,z:+0.0,t:+17.0},row2:{x:+0.447213,y:-0.894427,z:-1.192092e-7,t:-0.25},row3:{x:+0.0,y:+0.0,z:+0.0,t:+1.0}}