[{row0:{x:+1.0,y:+0.0,z:+0.0,t:+0.0},row1:{x:+0.0,y:+1.0,z:+0.0,t:+0.0},row2:{x:+0.0,y:+0.0,z:+1.0,t:+0.0},row3:{x:+0.0,y:+0.0,z:+0.0,t:+1.0}},{row0:{x:+1.0,y:+0.0,z:+0.0,t:+0.0},row1:{x:+0.0,y:+1.0,z:+0.0,t:+0.0},row2:{x:+0.0,y:+0.0,z:+1.0,t:+0.0},row3:{x:+0.0,y:+0.0,z:+0.0,t:+1.0}},{row0:{x:+1.0,y:+0.0,z:+0.0,t:+0.0},row1:{x:+0.0,y:+1.0,z:+0.0,t:+0.0},row2:{x:+0.0,y:+0.0,z:+1.0,t:+0.0},row3:{x:+0.0,y:+0.0,z:+0.0,t:+1.0}},{row0:{x:+1.0,y:+0.0,z:+0.0,t:+0.0},row1:{x:+0.0,y:+1.0,z:+0.0,t:+0.0},row2:{x:+0.0,y:+0.0,z:+1.0,t:+0.0},row3:{x:+0.0,y:+0.0,z:+0.0,t:+1.0}},{row0:{x:+1.0,y:+0.0,z:+0.0,t:+0.0},row1:{x:+0.0,y:+1.0,z:+0.0,t:+0.0},row2:{x:+0.0,y:+0.0,z:+1.0,t:+0.0},row3:{x:+0.0,y:+0.0,z:+0.0,t:+1.0}},{row0:{x:+1.0,y:+0.0,z:+0.0,t:+0.0},row1:{x:+0.0,y:+1.0,z:+0.0,t:+0.0},row2:{x:+0.0,y:+0.0,z:+1.0,t:+0.0},row3:{x:+0.0,y:+0.0,z:+0.0,t:+1.0}}]