[FABRIC:MT] Ignored extension directory 'D:\fabric\FabricEngine-2.1.0-Windows-x86_64\Tests\Exts': unable to open directory 'D:\fabric\FabricEngine-2.1.0-Windows-x86_64\Tests\Exts': The system cannot find the path specified. (code 3 [0x3])Pose: 0Translation: {x:+0.0,y:+0.0,z:+0.0}X Rotation:  +0.0Scale:       {x:+1.0,y:+1.0,z:+1.0}Pose: 1Translation: {x:+1.25,y:+0.0,z:+0.0}X Rotation:  +45.0Scale:       {x:+1.0,y:+1.0,z:+1.0}Pose: 2Translation: {x:+2.5,y:+0.0,z:+0.0}X Rotation:  +67.50001Scale:       {x:+1.0,y:+1.0,z:+1.0}Pose: 3Translation: {x:+3.75,y:+0.0,z:+0.0}X Rotation:  +81.0Scale:       {x:+1.0,y:+1.0,z:+1.0}Pose: 4Translation: {x:+5.0,y:+0.0,z:+0.0}X Rotation:  +90.00001Scale:       {x:+1.0,y:+1.0,z:+1.0}