Solve IK=========================={x:+0.9811,y:+9.769,z:-0.4572}{x:+1.408,y:+5.437101,z:-0.5043}{x:+1.75,y:+1.15,z:-1.25}{x:+1.408,y:+5.437101,z:-0.5043}Solve FK=========================={x:+0.9811,y:+9.769,z:-0.4572}{x:+1.408,y:+5.4371,z:-0.5043}{x:+1.749999,y:+1.149999,z:-1.25}{x:+1.408,y:+5.4371,z:-0.5043}