==armLeft==
deformers
deformers.Arm:L
deformers.Arm:L.bicep
deformers.Arm:L.forearm
deformers.Arm:L.wrist
controls
controls.Arm:L
controls.Arm:L.inputs
controls.Arm:L.inputs.globalSRT
controls.Arm:L.inputs.root
controls.Arm:L.outputs
controls.Arm:L.outputs.bicep
controls.Arm:L.outputs.forearm
controls.Arm:L.outputs.wrist
controls.Arm:L.bicepFK
controls.Arm:L.bicepFK.bicepFK
controls.Arm:L.bicepFK.bicepFK.forearmFK
controls.Arm:L.bicepFK.bicepFK.forearmFK.forearmFK
controls.Arm:L.IK
controls.Arm:L.IK.IK
controls.Arm:L.ikPosition
controls.Arm:L.UpV
controls.Arm:L.UpV.UpV
