Failed to find DCC builder. Falling back to Python builder.
building: controls.fkChain as: fkChain_L_cmp type: ComponentGroup
buildGroup: controls.fkChain as: fkChain_L_cmp
building: controls.fkChain.inputs as: fkChain_L_inputs_hrc type: HierarchyGroup
buildHierarchyGroup: controls.fkChain.inputs as: fkChain_L_inputs_hrc
building: controls.fkChain.inputs.rootInput as: fkChain_L_rootInput_cmpIn type: ComponentInput
buildLocator: controls.fkChain.inputs.rootInput as: fkChain_L_rootInput_cmpIn
building: controls.fkChain.outputs as: fkChain_L_outputs_hrc type: HierarchyGroup
buildHierarchyGroup: controls.fkChain.outputs as: fkChain_L_outputs_hrc
building: controls.fkChain.outputs.chainEndXfoOutput as: fkChain_L_chainEndXfoOutput_cmpOut type: ComponentOutput
buildLocator: controls.fkChain.outputs.chainEndXfoOutput as: fkChain_L_chainEndXfoOutput_cmpOut
building: controls.fkChain.outputs.chainEndPosOutput as: fkChain_L_chainEndPosOutput_cmpOut type: ComponentOutput
buildLocator: controls.fkChain.outputs.chainEndPosOutput as: fkChain_L_chainEndPosOutput_cmpOut
building: controls.fkChain.outputs.bone01 as: fkChain_L_bone01_cmpOut type: ComponentOutput
buildLocator: controls.fkChain.outputs.bone01 as: fkChain_L_bone01_cmpOut
building: controls.fkChain.outputs.bone02 as: fkChain_L_bone02_cmpOut type: ComponentOutput
buildLocator: controls.fkChain.outputs.bone02 as: fkChain_L_bone02_cmpOut
building: controls.fkChain.outputs.bone03 as: fkChain_L_bone03_cmpOut type: ComponentOutput
buildLocator: controls.fkChain.outputs.bone03 as: fkChain_L_bone03_cmpOut
building: controls.fkChain.outputs.bone04 as: fkChain_L_bone04_cmpOut type: ComponentOutput
buildLocator: controls.fkChain.outputs.bone04 as: fkChain_L_bone04_cmpOut
building: controls.fkChain.bone01FK as: fkChain_L_bone01FK_ctrlSpace type: CtrlSpace
buildGroup: controls.fkChain.bone01FK as: fkChain_L_bone01FK_ctrlSpace
building: controls.fkChain.bone01FK.bone01FK as: fkChain_L_bone01FK_ctrl type: Control
buildControl:controls.fkChain.bone01FK.bone01FK as: fkChain_L_bone01FK_ctrl
building: controls.fkChain.bone01FK.bone01FK.bone02FK as: fkChain_L_bone02FK_ctrlSpace type: CtrlSpace
buildGroup: controls.fkChain.bone01FK.bone01FK.bone02FK as: fkChain_L_bone02FK_ctrlSpace
building: controls.fkChain.bone01FK.bone01FK.bone02FK.bone02FK as: fkChain_L_bone02FK_ctrl type: Control
buildControl:controls.fkChain.bone01FK.bone01FK.bone02FK.bone02FK as: fkChain_L_bone02FK_ctrl
building: controls.fkChain.bone01FK.bone01FK.bone02FK.bone02FK.bone03FK as: fkChain_L_bone03FK_ctrlSpace type: CtrlSpace
buildGroup: controls.fkChain.bone01FK.bone01FK.bone02FK.bone02FK.bone03FK as: fkChain_L_bone03FK_ctrlSpace
building: controls.fkChain.bone01FK.bone01FK.bone02FK.bone02FK.bone03FK.bone03FK as: fkChain_L_bone03FK_ctrl type: Control
buildControl:controls.fkChain.bone01FK.bone01FK.bone02FK.bone02FK.bone03FK.bone03FK as: fkChain_L_bone03FK_ctrl
building: controls.fkChain.bone01FK.bone01FK.bone02FK.bone02FK.bone03FK.bone03FK.bone04FK as: fkChain_L_bone04FK_ctrlSpace type: CtrlSpace
buildGroup: controls.fkChain.bone01FK.bone01FK.bone02FK.bone02FK.bone03FK.bone03FK.bone04FK as: fkChain_L_bone04FK_ctrlSpace
building: controls.fkChain.bone01FK.bone01FK.bone02FK.bone02FK.bone03FK.bone03FK.bone04FK.bone04FK as: fkChain_L_bone04FK_ctrl type: Control
buildControl:controls.fkChain.bone01FK.bone01FK.bone02FK.bone02FK.bone03FK.bone03FK.bone04FK.bone04FK as: fkChain_L_bone04FK_ctrl
building: deformers as: deformers type: Layer
buildLayer: deformers as: deformers
building: deformers.fkChain as: fkChain_L_cmp type: ComponentGroup
buildGroup: deformers.fkChain as: fkChain_L_cmp
building: deformers.fkChain.bone01 as: fkChain_L_bone01_def type: Joint
buildJoint: deformers.fkChain.bone01 as: fkChain_L_bone01_def
building: deformers.fkChain.bone02 as: fkChain_L_bone02_def type: Joint
buildJoint: deformers.fkChain.bone02 as: fkChain_L_bone02_def
building: deformers.fkChain.bone03 as: fkChain_L_bone03_def type: Joint
buildJoint: deformers.fkChain.bone03 as: fkChain_L_bone03_def
building: deformers.fkChain.bone04 as: fkChain_L_bone04_def type: Joint
buildJoint: deformers.fkChain.bone04 as: fkChain_L_bone04_def
building: controls as: controls type: Layer
buildLayer: controls as: controls
building: controls.fkChain as: fkChain_L_cmp type: ComponentGroup
buildGroup: controls.fkChain as: fkChain_L_cmp
building: controls.fkChain.inputs as: fkChain_L_inputs_hrc type: HierarchyGroup
buildHierarchyGroup: controls.fkChain.inputs as: fkChain_L_inputs_hrc
building: controls.fkChain.inputs.rootInput as: fkChain_L_rootInput_cmpIn type: ComponentInput
buildLocator: controls.fkChain.inputs.rootInput as: fkChain_L_rootInput_cmpIn
building: controls.fkChain.outputs as: fkChain_L_outputs_hrc type: HierarchyGroup
buildHierarchyGroup: controls.fkChain.outputs as: fkChain_L_outputs_hrc
building: controls.fkChain.outputs.chainEndXfoOutput as: fkChain_L_chainEndXfoOutput_cmpOut type: ComponentOutput
buildLocator: controls.fkChain.outputs.chainEndXfoOutput as: fkChain_L_chainEndXfoOutput_cmpOut
building: controls.fkChain.outputs.chainEndPosOutput as: fkChain_L_chainEndPosOutput_cmpOut type: ComponentOutput
buildLocator: controls.fkChain.outputs.chainEndPosOutput as: fkChain_L_chainEndPosOutput_cmpOut
building: controls.fkChain.outputs.bone01 as: fkChain_L_bone01_cmpOut type: ComponentOutput
buildLocator: controls.fkChain.outputs.bone01 as: fkChain_L_bone01_cmpOut
building: controls.fkChain.outputs.bone02 as: fkChain_L_bone02_cmpOut type: ComponentOutput
buildLocator: controls.fkChain.outputs.bone02 as: fkChain_L_bone02_cmpOut
building: controls.fkChain.outputs.bone03 as: fkChain_L_bone03_cmpOut type: ComponentOutput
buildLocator: controls.fkChain.outputs.bone03 as: fkChain_L_bone03_cmpOut
building: controls.fkChain.outputs.bone04 as: fkChain_L_bone04_cmpOut type: ComponentOutput
buildLocator: controls.fkChain.outputs.bone04 as: fkChain_L_bone04_cmpOut
building: controls.fkChain.bone01FK as: fkChain_L_bone01FK_ctrlSpace type: CtrlSpace
buildGroup: controls.fkChain.bone01FK as: fkChain_L_bone01FK_ctrlSpace
building: controls.fkChain.bone01FK.bone01FK as: fkChain_L_bone01FK_ctrl type: Control
buildControl:controls.fkChain.bone01FK.bone01FK as: fkChain_L_bone01FK_ctrl
building: controls.fkChain.bone01FK.bone01FK.bone02FK as: fkChain_L_bone02FK_ctrlSpace type: CtrlSpace
buildGroup: controls.fkChain.bone01FK.bone01FK.bone02FK as: fkChain_L_bone02FK_ctrlSpace
building: controls.fkChain.bone01FK.bone01FK.bone02FK.bone02FK as: fkChain_L_bone02FK_ctrl type: Control
buildControl:controls.fkChain.bone01FK.bone01FK.bone02FK.bone02FK as: fkChain_L_bone02FK_ctrl
building: controls.fkChain.bone01FK.bone01FK.bone02FK.bone02FK.bone03FK as: fkChain_L_bone03FK_ctrlSpace type: CtrlSpace
buildGroup: controls.fkChain.bone01FK.bone01FK.bone02FK.bone02FK.bone03FK as: fkChain_L_bone03FK_ctrlSpace
building: controls.fkChain.bone01FK.bone01FK.bone02FK.bone02FK.bone03FK.bone03FK as: fkChain_L_bone03FK_ctrl type: Control
buildControl:controls.fkChain.bone01FK.bone01FK.bone02FK.bone02FK.bone03FK.bone03FK as: fkChain_L_bone03FK_ctrl
building: controls.fkChain.bone01FK.bone01FK.bone02FK.bone02FK.bone03FK.bone03FK.bone04FK as: fkChain_L_bone04FK_ctrlSpace type: CtrlSpace
buildGroup: controls.fkChain.bone01FK.bone01FK.bone02FK.bone02FK.bone03FK.bone03FK.bone04FK as: fkChain_L_bone04FK_ctrlSpace
building: controls.fkChain.bone01FK.bone01FK.bone02FK.bone02FK.bone03FK.bone03FK.bone04FK.bone04FK as: fkChain_L_bone04FK_ctrl type: Control
buildControl:controls.fkChain.bone01FK.bone01FK.bone02FK.bone02FK.bone03FK.bone03FK.bone04FK.bone04FK as: fkChain_L_bone04FK_ctrl
building: deformers.fkChain as: fkChain_L_cmp type: ComponentGroup
buildGroup: deformers.fkChain as: fkChain_L_cmp
building: deformers.fkChain.bone01 as: fkChain_L_bone01_def type: Joint
buildJoint: deformers.fkChain.bone01 as: fkChain_L_bone01_def
building: deformers.fkChain.bone02 as: fkChain_L_bone02_def type: Joint
buildJoint: deformers.fkChain.bone02 as: fkChain_L_bone02_def
building: deformers.fkChain.bone03 as: fkChain_L_bone03_def type: Joint
buildJoint: deformers.fkChain.bone03 as: fkChain_L_bone03_def
building: deformers.fkChain.bone04 as: fkChain_L_bone04_def type: Joint
buildJoint: deformers.fkChain.bone04 as: fkChain_L_bone04_def
deformers
deformers.fkChain:L
deformers.fkChain:L.bone01
deformers.fkChain:L.bone02
deformers.fkChain:L.bone03
deformers.fkChain:L.bone04
controls
controls.fkChain:L
controls.fkChain:L.inputs
controls.fkChain:L.inputs.rootInput
controls.fkChain:L.outputs
controls.fkChain:L.outputs.chainEndXfoOutput
controls.fkChain:L.outputs.chainEndPosOutput
controls.fkChain:L.outputs.bone01
controls.fkChain:L.outputs.bone02
controls.fkChain:L.outputs.bone03
controls.fkChain:L.outputs.bone04
controls.fkChain:L.bone01FK
controls.fkChain:L.bone01FK.bone01FK
controls.fkChain:L.bone01FK.bone01FK.bone02FK
controls.fkChain:L.bone01FK.bone01FK.bone02FK.bone02FK
controls.fkChain:L.bone01FK.bone01FK.bone02FK.bone02FK.bone03FK
controls.fkChain:L.bone01FK.bone01FK.bone02FK.bone02FK.bone03FK.bone03FK
controls.fkChain:L.bone01FK.bone01FK.bone02FK.bone02FK.bone03FK.bone03FK.bone04FK
controls.fkChain:L.bone01FK.bone01FK.bone02FK.bone02FK.bone03FK.bone03FK.bone04FK.bone04FK
