Failed to find DCC builder. Falling back to Python builder.
building: controls.insectLeg as: insectLeg_L_cmp type: ComponentGroup
buildGroup: controls.insectLeg as: insectLeg_L_cmp
building: controls.insectLeg.inputs as: insectLeg_L_inputs_hrc type: HierarchyGroup
buildHierarchyGroup: controls.insectLeg.inputs as: insectLeg_L_inputs_hrc
building: controls.insectLeg.inputs.rootInput as: insectLeg_L_rootInput_cmpIn type: ComponentInput
buildLocator: controls.insectLeg.inputs.rootInput as: insectLeg_L_rootInput_cmpIn
building: controls.insectLeg.outputs as: insectLeg_L_outputs_hrc type: HierarchyGroup
buildHierarchyGroup: controls.insectLeg.outputs as: insectLeg_L_outputs_hrc
building: controls.insectLeg.outputs.legEndXfoOutput as: insectLeg_L_legEndXfoOutput_cmpOut type: ComponentOutput
buildLocator: controls.insectLeg.outputs.legEndXfoOutput as: insectLeg_L_legEndXfoOutput_cmpOut
building: controls.insectLeg.outputs.legEndPosOutput as: insectLeg_L_legEndPosOutput_cmpOut type: ComponentOutput
buildLocator: controls.insectLeg.outputs.legEndPosOutput as: insectLeg_L_legEndPosOutput_cmpOut
building: controls.insectLeg.outputs.bone01 as: insectLeg_L_bone01_cmpOut type: ComponentOutput
buildLocator: controls.insectLeg.outputs.bone01 as: insectLeg_L_bone01_cmpOut
building: controls.insectLeg.outputs.bone02 as: insectLeg_L_bone02_cmpOut type: ComponentOutput
buildLocator: controls.insectLeg.outputs.bone02 as: insectLeg_L_bone02_cmpOut
building: controls.insectLeg.outputs.bone03 as: insectLeg_L_bone03_cmpOut type: ComponentOutput
buildLocator: controls.insectLeg.outputs.bone03 as: insectLeg_L_bone03_cmpOut
building: controls.insectLeg.outputs.bone04 as: insectLeg_L_bone04_cmpOut type: ComponentOutput
buildLocator: controls.insectLeg.outputs.bone04 as: insectLeg_L_bone04_cmpOut
building: controls.insectLeg.ChainBase as: insectLeg_L_ChainBase_loc type: Locator
buildLocator: controls.insectLeg.ChainBase as: insectLeg_L_ChainBase_loc
building: controls.insectLeg.bone01FK as: insectLeg_L_bone01FK_ctrlSpace type: CtrlSpace
buildGroup: controls.insectLeg.bone01FK as: insectLeg_L_bone01FK_ctrlSpace
building: controls.insectLeg.bone01FK.bone01FK as: insectLeg_L_bone01FK_ctrl type: Control
buildControl:controls.insectLeg.bone01FK.bone01FK as: insectLeg_L_bone01FK_ctrl
building: controls.insectLeg.bone01FK.bone01FK.bone02FK as: insectLeg_L_bone02FK_ctrlSpace type: CtrlSpace
buildGroup: controls.insectLeg.bone01FK.bone01FK.bone02FK as: insectLeg_L_bone02FK_ctrlSpace
building: controls.insectLeg.bone01FK.bone01FK.bone02FK.bone02FK as: insectLeg_L_bone02FK_ctrl type: Control
buildControl:controls.insectLeg.bone01FK.bone01FK.bone02FK.bone02FK as: insectLeg_L_bone02FK_ctrl
building: controls.insectLeg.bone01FK.bone01FK.bone02FK.bone02FK.bone03FK as: insectLeg_L_bone03FK_ctrlSpace type: CtrlSpace
buildGroup: controls.insectLeg.bone01FK.bone01FK.bone02FK.bone02FK.bone03FK as: insectLeg_L_bone03FK_ctrlSpace
building: controls.insectLeg.bone01FK.bone01FK.bone02FK.bone02FK.bone03FK.bone03FK as: insectLeg_L_bone03FK_ctrl type: Control
buildControl:controls.insectLeg.bone01FK.bone01FK.bone02FK.bone02FK.bone03FK.bone03FK as: insectLeg_L_bone03FK_ctrl
building: controls.insectLeg.bone01FK.bone01FK.bone02FK.bone02FK.bone03FK.bone03FK.bone04FK as: insectLeg_L_bone04FK_ctrlSpace type: CtrlSpace
buildGroup: controls.insectLeg.bone01FK.bone01FK.bone02FK.bone02FK.bone03FK.bone03FK.bone04FK as: insectLeg_L_bone04FK_ctrlSpace
building: controls.insectLeg.bone01FK.bone01FK.bone02FK.bone02FK.bone03FK.bone03FK.bone04FK.bone04FK as: insectLeg_L_bone04FK_ctrl type: Control
buildControl:controls.insectLeg.bone01FK.bone01FK.bone02FK.bone02FK.bone03FK.bone03FK.bone04FK.bone04FK as: insectLeg_L_bone04FK_ctrl
building: controls.insectLeg.IK as: insectLeg_L_IK_ctrlSpace type: CtrlSpace
buildGroup: controls.insectLeg.IK as: insectLeg_L_IK_ctrlSpace
building: controls.insectLeg.IK.IK as: insectLeg_L_IK_ctrl type: Control
buildControl:controls.insectLeg.IK.IK as: insectLeg_L_IK_ctrl
building: controls.insectLeg.UpV as: insectLeg_L_UpV_ctrlSpace type: CtrlSpace
buildGroup: controls.insectLeg.UpV as: insectLeg_L_UpV_ctrlSpace
building: controls.insectLeg.UpV.UpV as: insectLeg_L_UpV_ctrl type: Control
buildControl:controls.insectLeg.UpV.UpV as: insectLeg_L_UpV_ctrl
building: deformers as: deformers type: Layer
buildLayer: deformers as: deformers
building: deformers.insectLeg as: insectLeg_L_cmp type: ComponentGroup
buildGroup: deformers.insectLeg as: insectLeg_L_cmp
building: deformers.insectLeg.bone01 as: insectLeg_L_bone01_def type: Joint
buildJoint: deformers.insectLeg.bone01 as: insectLeg_L_bone01_def
building: deformers.insectLeg.bone02 as: insectLeg_L_bone02_def type: Joint
buildJoint: deformers.insectLeg.bone02 as: insectLeg_L_bone02_def
building: deformers.insectLeg.bone03 as: insectLeg_L_bone03_def type: Joint
buildJoint: deformers.insectLeg.bone03 as: insectLeg_L_bone03_def
building: deformers.insectLeg.bone04 as: insectLeg_L_bone04_def type: Joint
buildJoint: deformers.insectLeg.bone04 as: insectLeg_L_bone04_def
building: controls as: controls type: Layer
buildLayer: controls as: controls
building: controls.insectLeg as: insectLeg_L_cmp type: ComponentGroup
buildGroup: controls.insectLeg as: insectLeg_L_cmp
building: controls.insectLeg.inputs as: insectLeg_L_inputs_hrc type: HierarchyGroup
buildHierarchyGroup: controls.insectLeg.inputs as: insectLeg_L_inputs_hrc
building: controls.insectLeg.inputs.rootInput as: insectLeg_L_rootInput_cmpIn type: ComponentInput
buildLocator: controls.insectLeg.inputs.rootInput as: insectLeg_L_rootInput_cmpIn
building: controls.insectLeg.outputs as: insectLeg_L_outputs_hrc type: HierarchyGroup
buildHierarchyGroup: controls.insectLeg.outputs as: insectLeg_L_outputs_hrc
building: controls.insectLeg.outputs.legEndXfoOutput as: insectLeg_L_legEndXfoOutput_cmpOut type: ComponentOutput
buildLocator: controls.insectLeg.outputs.legEndXfoOutput as: insectLeg_L_legEndXfoOutput_cmpOut
building: controls.insectLeg.outputs.legEndPosOutput as: insectLeg_L_legEndPosOutput_cmpOut type: ComponentOutput
buildLocator: controls.insectLeg.outputs.legEndPosOutput as: insectLeg_L_legEndPosOutput_cmpOut
building: controls.insectLeg.outputs.bone01 as: insectLeg_L_bone01_cmpOut type: ComponentOutput
buildLocator: controls.insectLeg.outputs.bone01 as: insectLeg_L_bone01_cmpOut
building: controls.insectLeg.outputs.bone02 as: insectLeg_L_bone02_cmpOut type: ComponentOutput
buildLocator: controls.insectLeg.outputs.bone02 as: insectLeg_L_bone02_cmpOut
building: controls.insectLeg.outputs.bone03 as: insectLeg_L_bone03_cmpOut type: ComponentOutput
buildLocator: controls.insectLeg.outputs.bone03 as: insectLeg_L_bone03_cmpOut
building: controls.insectLeg.outputs.bone04 as: insectLeg_L_bone04_cmpOut type: ComponentOutput
buildLocator: controls.insectLeg.outputs.bone04 as: insectLeg_L_bone04_cmpOut
building: controls.insectLeg.ChainBase as: insectLeg_L_ChainBase_loc type: Locator
buildLocator: controls.insectLeg.ChainBase as: insectLeg_L_ChainBase_loc
building: controls.insectLeg.bone01FK as: insectLeg_L_bone01FK_ctrlSpace type: CtrlSpace
buildGroup: controls.insectLeg.bone01FK as: insectLeg_L_bone01FK_ctrlSpace
building: controls.insectLeg.bone01FK.bone01FK as: insectLeg_L_bone01FK_ctrl type: Control
buildControl:controls.insectLeg.bone01FK.bone01FK as: insectLeg_L_bone01FK_ctrl
building: controls.insectLeg.bone01FK.bone01FK.bone02FK as: insectLeg_L_bone02FK_ctrlSpace type: CtrlSpace
buildGroup: controls.insectLeg.bone01FK.bone01FK.bone02FK as: insectLeg_L_bone02FK_ctrlSpace
building: controls.insectLeg.bone01FK.bone01FK.bone02FK.bone02FK as: insectLeg_L_bone02FK_ctrl type: Control
buildControl:controls.insectLeg.bone01FK.bone01FK.bone02FK.bone02FK as: insectLeg_L_bone02FK_ctrl
building: controls.insectLeg.bone01FK.bone01FK.bone02FK.bone02FK.bone03FK as: insectLeg_L_bone03FK_ctrlSpace type: CtrlSpace
buildGroup: controls.insectLeg.bone01FK.bone01FK.bone02FK.bone02FK.bone03FK as: insectLeg_L_bone03FK_ctrlSpace
building: controls.insectLeg.bone01FK.bone01FK.bone02FK.bone02FK.bone03FK.bone03FK as: insectLeg_L_bone03FK_ctrl type: Control
buildControl:controls.insectLeg.bone01FK.bone01FK.bone02FK.bone02FK.bone03FK.bone03FK as: insectLeg_L_bone03FK_ctrl
building: controls.insectLeg.bone01FK.bone01FK.bone02FK.bone02FK.bone03FK.bone03FK.bone04FK as: insectLeg_L_bone04FK_ctrlSpace type: CtrlSpace
buildGroup: controls.insectLeg.bone01FK.bone01FK.bone02FK.bone02FK.bone03FK.bone03FK.bone04FK as: insectLeg_L_bone04FK_ctrlSpace
building: controls.insectLeg.bone01FK.bone01FK.bone02FK.bone02FK.bone03FK.bone03FK.bone04FK.bone04FK as: insectLeg_L_bone04FK_ctrl type: Control
buildControl:controls.insectLeg.bone01FK.bone01FK.bone02FK.bone02FK.bone03FK.bone03FK.bone04FK.bone04FK as: insectLeg_L_bone04FK_ctrl
building: controls.insectLeg.IK as: insectLeg_L_IK_ctrlSpace type: CtrlSpace
buildGroup: controls.insectLeg.IK as: insectLeg_L_IK_ctrlSpace
building: controls.insectLeg.IK.IK as: insectLeg_L_IK_ctrl type: Control
buildControl:controls.insectLeg.IK.IK as: insectLeg_L_IK_ctrl
building: controls.insectLeg.UpV as: insectLeg_L_UpV_ctrlSpace type: CtrlSpace
buildGroup: controls.insectLeg.UpV as: insectLeg_L_UpV_ctrlSpace
building: controls.insectLeg.UpV.UpV as: insectLeg_L_UpV_ctrl type: Control
buildControl:controls.insectLeg.UpV.UpV as: insectLeg_L_UpV_ctrl
building: deformers.insectLeg as: insectLeg_L_cmp type: ComponentGroup
buildGroup: deformers.insectLeg as: insectLeg_L_cmp
building: deformers.insectLeg.bone01 as: insectLeg_L_bone01_def type: Joint
buildJoint: deformers.insectLeg.bone01 as: insectLeg_L_bone01_def
building: deformers.insectLeg.bone02 as: insectLeg_L_bone02_def type: Joint
buildJoint: deformers.insectLeg.bone02 as: insectLeg_L_bone02_def
building: deformers.insectLeg.bone03 as: insectLeg_L_bone03_def type: Joint
buildJoint: deformers.insectLeg.bone03 as: insectLeg_L_bone03_def
building: deformers.insectLeg.bone04 as: insectLeg_L_bone04_def type: Joint
buildJoint: deformers.insectLeg.bone04 as: insectLeg_L_bone04_def
deformers
deformers.insectLeg:L
deformers.insectLeg:L.bone01
deformers.insectLeg:L.bone02
deformers.insectLeg:L.bone03
deformers.insectLeg:L.bone04
controls
controls.insectLeg:L
controls.insectLeg:L.inputs
controls.insectLeg:L.inputs.rootInput
controls.insectLeg:L.outputs
controls.insectLeg:L.outputs.legEndXfoOutput
controls.insectLeg:L.outputs.legEndPosOutput
controls.insectLeg:L.outputs.bone01
controls.insectLeg:L.outputs.bone02
controls.insectLeg:L.outputs.bone03
controls.insectLeg:L.outputs.bone04
controls.insectLeg:L.ChainBase
controls.insectLeg:L.bone01FK
controls.insectLeg:L.bone01FK.bone01FK
controls.insectLeg:L.bone01FK.bone01FK.bone02FK
controls.insectLeg:L.bone01FK.bone01FK.bone02FK.bone02FK
controls.insectLeg:L.bone01FK.bone01FK.bone02FK.bone02FK.bone03FK
controls.insectLeg:L.bone01FK.bone01FK.bone02FK.bone02FK.bone03FK.bone03FK
controls.insectLeg:L.bone01FK.bone01FK.bone02FK.bone02FK.bone03FK.bone03FK.bone04FK
controls.insectLeg:L.bone01FK.bone01FK.bone02FK.bone02FK.bone03FK.bone03FK.bone04FK.bone04FK
controls.insectLeg:L.IK
controls.insectLeg:L.IK.IK
controls.insectLeg:L.UpV
controls.insectLeg:L.UpV.UpV
