Failed to find DCC builder. Falling back to Python builder.
building: controls.Neck as: Neck_L_cmp type: ComponentGroup
buildGroup: controls.Neck as: Neck_L_cmp
building: controls.Neck.inputs as: Neck_L_inputs_hrc type: HierarchyGroup
buildHierarchyGroup: controls.Neck.inputs as: Neck_L_inputs_hrc
building: controls.Neck.inputs.neckBase as: Neck_L_neckBase_cmpIn type: ComponentInput
buildLocator: controls.Neck.inputs.neckBase as: Neck_L_neckBase_cmpIn
building: controls.Neck.outputs as: Neck_L_outputs_hrc type: HierarchyGroup
buildHierarchyGroup: controls.Neck.outputs as: Neck_L_outputs_hrc
building: controls.Neck.outputs.neck as: Neck_L_neck_cmpOut type: ComponentOutput
buildLocator: controls.Neck.outputs.neck as: Neck_L_neck_cmpOut
building: controls.Neck.outputs.neckEnd as: Neck_L_neckEnd_cmpOut type: ComponentOutput
buildLocator: controls.Neck.outputs.neckEnd as: Neck_L_neckEnd_cmpOut
building: controls.Neck.neck as: Neck_L_neck_ctrlSpace type: CtrlSpace
buildGroup: controls.Neck.neck as: Neck_L_neck_ctrlSpace
building: controls.Neck.neck.neck as: Neck_L_neck_ctrl type: Control
buildControl:controls.Neck.neck.neck as: Neck_L_neck_ctrl
building: deformers as: deformers type: Layer
buildLayer: deformers as: deformers
building: deformers.Neck as: Neck_L_cmp type: ComponentGroup
buildGroup: deformers.Neck as: Neck_L_cmp
building: deformers.Neck.neck as: Neck_L_neck_def type: Joint
buildJoint: deformers.Neck.neck as: Neck_L_neck_def
building: controls as: controls type: Layer
buildLayer: controls as: controls
building: controls.Neck as: Neck_L_cmp type: ComponentGroup
buildGroup: controls.Neck as: Neck_L_cmp
building: controls.Neck.inputs as: Neck_L_inputs_hrc type: HierarchyGroup
buildHierarchyGroup: controls.Neck.inputs as: Neck_L_inputs_hrc
building: controls.Neck.inputs.neckBase as: Neck_L_neckBase_cmpIn type: ComponentInput
buildLocator: controls.Neck.inputs.neckBase as: Neck_L_neckBase_cmpIn
building: controls.Neck.outputs as: Neck_L_outputs_hrc type: HierarchyGroup
buildHierarchyGroup: controls.Neck.outputs as: Neck_L_outputs_hrc
building: controls.Neck.outputs.neck as: Neck_L_neck_cmpOut type: ComponentOutput
buildLocator: controls.Neck.outputs.neck as: Neck_L_neck_cmpOut
building: controls.Neck.outputs.neckEnd as: Neck_L_neckEnd_cmpOut type: ComponentOutput
buildLocator: controls.Neck.outputs.neckEnd as: Neck_L_neckEnd_cmpOut
building: controls.Neck.neck as: Neck_L_neck_ctrlSpace type: CtrlSpace
buildGroup: controls.Neck.neck as: Neck_L_neck_ctrlSpace
building: controls.Neck.neck.neck as: Neck_L_neck_ctrl type: Control
buildControl:controls.Neck.neck.neck as: Neck_L_neck_ctrl
building: deformers.Neck as: Neck_L_cmp type: ComponentGroup
buildGroup: deformers.Neck as: Neck_L_cmp
building: deformers.Neck.neck as: Neck_L_neck_def type: Joint
buildJoint: deformers.Neck.neck as: Neck_L_neck_def
deformers
deformers.Neck:L
deformers.Neck:L.neck
controls
controls.Neck:L
controls.Neck:L.inputs
controls.Neck:L.inputs.neckBase
controls.Neck:L.outputs
controls.Neck:L.outputs.neck
controls.Neck:L.outputs.neckEnd
controls.Neck:L.neck
controls.Neck:L.neck.neck
