Failed to find DCC builder. Falling back to Python builder.
building: controls.tentacle as: tentacle_L_cmp type: ComponentGroup
buildGroup: controls.tentacle as: tentacle_L_cmp
building: controls.tentacle.inputs as: tentacle_L_inputs_hrc type: HierarchyGroup
buildHierarchyGroup: controls.tentacle.inputs as: tentacle_L_inputs_hrc
building: controls.tentacle.inputs.rootInput as: tentacle_L_rootInput_cmpIn type: ComponentInput
buildLocator: controls.tentacle.inputs.rootInput as: tentacle_L_rootInput_cmpIn
building: controls.tentacle.outputs as: tentacle_L_outputs_hrc type: HierarchyGroup
buildHierarchyGroup: controls.tentacle.outputs as: tentacle_L_outputs_hrc
building: controls.tentacle.outputs.tentacleEndXfoOutput as: tentacle_L_tentacleEndXfoOutput_cmpOut type: ComponentOutput
buildLocator: controls.tentacle.outputs.tentacleEndXfoOutput as: tentacle_L_tentacleEndXfoOutput_cmpOut
building: controls.tentacle.outputs.bone01 as: tentacle_L_bone01_cmpOut type: ComponentOutput
buildLocator: controls.tentacle.outputs.bone01 as: tentacle_L_bone01_cmpOut
building: controls.tentacle.outputs.bone02 as: tentacle_L_bone02_cmpOut type: ComponentOutput
buildLocator: controls.tentacle.outputs.bone02 as: tentacle_L_bone02_cmpOut
building: controls.tentacle.outputs.bone03 as: tentacle_L_bone03_cmpOut type: ComponentOutput
buildLocator: controls.tentacle.outputs.bone03 as: tentacle_L_bone03_cmpOut
building: controls.tentacle.outputs.bone04 as: tentacle_L_bone04_cmpOut type: ComponentOutput
buildLocator: controls.tentacle.outputs.bone04 as: tentacle_L_bone04_cmpOut
building: controls.tentacle.outputs.bone05 as: tentacle_L_bone05_cmpOut type: ComponentOutput
buildLocator: controls.tentacle.outputs.bone05 as: tentacle_L_bone05_cmpOut
building: controls.tentacle.outputs.bone06 as: tentacle_L_bone06_cmpOut type: ComponentOutput
buildLocator: controls.tentacle.outputs.bone06 as: tentacle_L_bone06_cmpOut
building: controls.tentacle.outputs.bone07 as: tentacle_L_bone07_cmpOut type: ComponentOutput
buildLocator: controls.tentacle.outputs.bone07 as: tentacle_L_bone07_cmpOut
building: controls.tentacle.outputs.bone08 as: tentacle_L_bone08_cmpOut type: ComponentOutput
buildLocator: controls.tentacle.outputs.bone08 as: tentacle_L_bone08_cmpOut
building: controls.tentacle.outputs.bone09 as: tentacle_L_bone09_cmpOut type: ComponentOutput
buildLocator: controls.tentacle.outputs.bone09 as: tentacle_L_bone09_cmpOut
building: controls.tentacle.outputs.bone10 as: tentacle_L_bone10_cmpOut type: ComponentOutput
buildLocator: controls.tentacle.outputs.bone10 as: tentacle_L_bone10_cmpOut
building: controls.tentacle.outputs.bone11 as: tentacle_L_bone11_cmpOut type: ComponentOutput
buildLocator: controls.tentacle.outputs.bone11 as: tentacle_L_bone11_cmpOut
building: controls.tentacle.outputs.bone12 as: tentacle_L_bone12_cmpOut type: ComponentOutput
buildLocator: controls.tentacle.outputs.bone12 as: tentacle_L_bone12_cmpOut
building: controls.tentacle.ChainBase as: tentacle_L_ChainBase_loc type: Locator
buildLocator: controls.tentacle.ChainBase as: tentacle_L_ChainBase_loc
building: controls.tentacle.bone01FK as: tentacle_L_bone01FK_ctrlSpace type: CtrlSpace
buildGroup: controls.tentacle.bone01FK as: tentacle_L_bone01FK_ctrlSpace
building: controls.tentacle.bone01FK.bone01FK as: tentacle_L_bone01FK_ctrl type: Control
buildControl:controls.tentacle.bone01FK.bone01FK as: tentacle_L_bone01FK_ctrl
building: controls.tentacle.bone01FK.bone01FK.bone02FK as: tentacle_L_bone02FK_ctrlSpace type: CtrlSpace
buildGroup: controls.tentacle.bone01FK.bone01FK.bone02FK as: tentacle_L_bone02FK_ctrlSpace
building: controls.tentacle.bone01FK.bone01FK.bone02FK.bone02FK as: tentacle_L_bone02FK_ctrl type: Control
buildControl:controls.tentacle.bone01FK.bone01FK.bone02FK.bone02FK as: tentacle_L_bone02FK_ctrl
building: controls.tentacle.bone01FK.bone01FK.bone02FK.bone02FK.bone03FK as: tentacle_L_bone03FK_ctrlSpace type: CtrlSpace
buildGroup: controls.tentacle.bone01FK.bone01FK.bone02FK.bone02FK.bone03FK as: tentacle_L_bone03FK_ctrlSpace
building: controls.tentacle.bone01FK.bone01FK.bone02FK.bone02FK.bone03FK.bone03FK as: tentacle_L_bone03FK_ctrl type: Control
buildControl:controls.tentacle.bone01FK.bone01FK.bone02FK.bone02FK.bone03FK.bone03FK as: tentacle_L_bone03FK_ctrl
building: controls.tentacle.bone01FK.bone01FK.bone02FK.bone02FK.bone03FK.bone03FK.bone04FK as: tentacle_L_bone04FK_ctrlSpace type: CtrlSpace
buildGroup: controls.tentacle.bone01FK.bone01FK.bone02FK.bone02FK.bone03FK.bone03FK.bone04FK as: tentacle_L_bone04FK_ctrlSpace
building: controls.tentacle.bone01FK.bone01FK.bone02FK.bone02FK.bone03FK.bone03FK.bone04FK.bone04FK as: tentacle_L_bone04FK_ctrl type: Control
buildControl:controls.tentacle.bone01FK.bone01FK.bone02FK.bone02FK.bone03FK.bone03FK.bone04FK.bone04FK as: tentacle_L_bone04FK_ctrl
building: controls.tentacle.bone01FK.bone01FK.bone02FK.bone02FK.bone03FK.bone03FK.bone04FK.bone04FK.bone05FK as: tentacle_L_bone05FK_ctrlSpace type: CtrlSpace
buildGroup: controls.tentacle.bone01FK.bone01FK.bone02FK.bone02FK.bone03FK.bone03FK.bone04FK.bone04FK.bone05FK as: tentacle_L_bone05FK_ctrlSpace
building: controls.tentacle.bone01FK.bone01FK.bone02FK.bone02FK.bone03FK.bone03FK.bone04FK.bone04FK.bone05FK.bone05FK as: tentacle_L_bone05FK_ctrl type: Control
buildControl:controls.tentacle.bone01FK.bone01FK.bone02FK.bone02FK.bone03FK.bone03FK.bone04FK.bone04FK.bone05FK.bone05FK as: tentacle_L_bone05FK_ctrl
building: controls.tentacle.bone01FK.bone01FK.bone02FK.bone02FK.bone03FK.bone03FK.bone04FK.bone04FK.bone05FK.bone05FK.bone06FK as: tentacle_L_bone06FK_ctrlSpace type: CtrlSpace
buildGroup: controls.tentacle.bone01FK.bone01FK.bone02FK.bone02FK.bone03FK.bone03FK.bone04FK.bone04FK.bone05FK.bone05FK.bone06FK as: tentacle_L_bone06FK_ctrlSpace
building: controls.tentacle.bone01FK.bone01FK.bone02FK.bone02FK.bone03FK.bone03FK.bone04FK.bone04FK.bone05FK.bone05FK.bone06FK.bone06FK as: tentacle_L_bone06FK_ctrl type: Control
buildControl:controls.tentacle.bone01FK.bone01FK.bone02FK.bone02FK.bone03FK.bone03FK.bone04FK.bone04FK.bone05FK.bone05FK.bone06FK.bone06FK as: tentacle_L_bone06FK_ctrl
building: controls.tentacle.bone01FK.bone01FK.bone02FK.bone02FK.bone03FK.bone03FK.bone04FK.bone04FK.bone05FK.bone05FK.bone06FK.bone06FK.bone07FK as: tentacle_L_bone07FK_ctrlSpace type: CtrlSpace
buildGroup: controls.tentacle.bone01FK.bone01FK.bone02FK.bone02FK.bone03FK.bone03FK.bone04FK.bone04FK.bone05FK.bone05FK.bone06FK.bone06FK.bone07FK as: tentacle_L_bone07FK_ctrlSpace
building: controls.tentacle.bone01FK.bone01FK.bone02FK.bone02FK.bone03FK.bone03FK.bone04FK.bone04FK.bone05FK.bone05FK.bone06FK.bone06FK.bone07FK.bone07FK as: tentacle_L_bone07FK_ctrl type: Control
buildControl:controls.tentacle.bone01FK.bone01FK.bone02FK.bone02FK.bone03FK.bone03FK.bone04FK.bone04FK.bone05FK.bone05FK.bone06FK.bone06FK.bone07FK.bone07FK as: tentacle_L_bone07FK_ctrl
building: controls.tentacle.bone01FK.bone01FK.bone02FK.bone02FK.bone03FK.bone03FK.bone04FK.bone04FK.bone05FK.bone05FK.bone06FK.bone06FK.bone07FK.bone07FK.bone08FK as: tentacle_L_bone08FK_ctrlSpace type: CtrlSpace
buildGroup: controls.tentacle.bone01FK.bone01FK.bone02FK.bone02FK.bone03FK.bone03FK.bone04FK.bone04FK.bone05FK.bone05FK.bone06FK.bone06FK.bone07FK.bone07FK.bone08FK as: tentacle_L_bone08FK_ctrlSpace
building: controls.tentacle.bone01FK.bone01FK.bone02FK.bone02FK.bone03FK.bone03FK.bone04FK.bone04FK.bone05FK.bone05FK.bone06FK.bone06FK.bone07FK.bone07FK.bone08FK.bone08FK as: tentacle_L_bone08FK_ctrl type: Control
buildControl:controls.tentacle.bone01FK.bone01FK.bone02FK.bone02FK.bone03FK.bone03FK.bone04FK.bone04FK.bone05FK.bone05FK.bone06FK.bone06FK.bone07FK.bone07FK.bone08FK.bone08FK as: tentacle_L_bone08FK_ctrl
building: controls.tentacle.bone01FK.bone01FK.bone02FK.bone02FK.bone03FK.bone03FK.bone04FK.bone04FK.bone05FK.bone05FK.bone06FK.bone06FK.bone07FK.bone07FK.bone08FK.bone08FK.bone09FK as: tentacle_L_bone09FK_ctrlSpace type: CtrlSpace
buildGroup: controls.tentacle.bone01FK.bone01FK.bone02FK.bone02FK.bone03FK.bone03FK.bone04FK.bone04FK.bone05FK.bone05FK.bone06FK.bone06FK.bone07FK.bone07FK.bone08FK.bone08FK.bone09FK as: tentacle_L_bone09FK_ctrlSpace
building: controls.tentacle.bone01FK.bone01FK.bone02FK.bone02FK.bone03FK.bone03FK.bone04FK.bone04FK.bone05FK.bone05FK.bone06FK.bone06FK.bone07FK.bone07FK.bone08FK.bone08FK.bone09FK.bone09FK as: tentacle_L_bone09FK_ctrl type: Control
buildControl:controls.tentacle.bone01FK.bone01FK.bone02FK.bone02FK.bone03FK.bone03FK.bone04FK.bone04FK.bone05FK.bone05FK.bone06FK.bone06FK.bone07FK.bone07FK.bone08FK.bone08FK.bone09FK.bone09FK as: tentacle_L_bone09FK_ctrl
building: controls.tentacle.bone01FK.bone01FK.bone02FK.bone02FK.bone03FK.bone03FK.bone04FK.bone04FK.bone05FK.bone05FK.bone06FK.bone06FK.bone07FK.bone07FK.bone08FK.bone08FK.bone09FK.bone09FK.bone10FK as: tentacle_L_bone10FK_ctrlSpace type: CtrlSpace
buildGroup: controls.tentacle.bone01FK.bone01FK.bone02FK.bone02FK.bone03FK.bone03FK.bone04FK.bone04FK.bone05FK.bone05FK.bone06FK.bone06FK.bone07FK.bone07FK.bone08FK.bone08FK.bone09FK.bone09FK.bone10FK as: tentacle_L_bone10FK_ctrlSpace
building: controls.tentacle.bone01FK.bone01FK.bone02FK.bone02FK.bone03FK.bone03FK.bone04FK.bone04FK.bone05FK.bone05FK.bone06FK.bone06FK.bone07FK.bone07FK.bone08FK.bone08FK.bone09FK.bone09FK.bone10FK.bone10FK as: tentacle_L_bone10FK_ctrl type: Control
buildControl:controls.tentacle.bone01FK.bone01FK.bone02FK.bone02FK.bone03FK.bone03FK.bone04FK.bone04FK.bone05FK.bone05FK.bone06FK.bone06FK.bone07FK.bone07FK.bone08FK.bone08FK.bone09FK.bone09FK.bone10FK.bone10FK as: tentacle_L_bone10FK_ctrl
building: controls.tentacle.bone01FK.bone01FK.bone02FK.bone02FK.bone03FK.bone03FK.bone04FK.bone04FK.bone05FK.bone05FK.bone06FK.bone06FK.bone07FK.bone07FK.bone08FK.bone08FK.bone09FK.bone09FK.bone10FK.bone10FK.bone11FK as: tentacle_L_bone11FK_ctrlSpace type: CtrlSpace
buildGroup: controls.tentacle.bone01FK.bone01FK.bone02FK.bone02FK.bone03FK.bone03FK.bone04FK.bone04FK.bone05FK.bone05FK.bone06FK.bone06FK.bone07FK.bone07FK.bone08FK.bone08FK.bone09FK.bone09FK.bone10FK.bone10FK.bone11FK as: tentacle_L_bone11FK_ctrlSpace
building: controls.tentacle.bone01FK.bone01FK.bone02FK.bone02FK.bone03FK.bone03FK.bone04FK.bone04FK.bone05FK.bone05FK.bone06FK.bone06FK.bone07FK.bone07FK.bone08FK.bone08FK.bone09FK.bone09FK.bone10FK.bone10FK.bone11FK.bone11FK as: tentacle_L_bone11FK_ctrl type: Control
buildControl:controls.tentacle.bone01FK.bone01FK.bone02FK.bone02FK.bone03FK.bone03FK.bone04FK.bone04FK.bone05FK.bone05FK.bone06FK.bone06FK.bone07FK.bone07FK.bone08FK.bone08FK.bone09FK.bone09FK.bone10FK.bone10FK.bone11FK.bone11FK as: tentacle_L_bone11FK_ctrl
building: controls.tentacle.bone01FK.bone01FK.bone02FK.bone02FK.bone03FK.bone03FK.bone04FK.bone04FK.bone05FK.bone05FK.bone06FK.bone06FK.bone07FK.bone07FK.bone08FK.bone08FK.bone09FK.bone09FK.bone10FK.bone10FK.bone11FK.bone11FK.bone12FK as: tentacle_L_bone12FK_ctrlSpace type: CtrlSpace
buildGroup: controls.tentacle.bone01FK.bone01FK.bone02FK.bone02FK.bone03FK.bone03FK.bone04FK.bone04FK.bone05FK.bone05FK.bone06FK.bone06FK.bone07FK.bone07FK.bone08FK.bone08FK.bone09FK.bone09FK.bone10FK.bone10FK.bone11FK.bone11FK.bone12FK as: tentacle_L_bone12FK_ctrlSpace
building: controls.tentacle.bone01FK.bone01FK.bone02FK.bone02FK.bone03FK.bone03FK.bone04FK.bone04FK.bone05FK.bone05FK.bone06FK.bone06FK.bone07FK.bone07FK.bone08FK.bone08FK.bone09FK.bone09FK.bone10FK.bone10FK.bone11FK.bone11FK.bone12FK.bone12FK as: tentacle_L_bone12FK_ctrl type: Control
buildControl:controls.tentacle.bone01FK.bone01FK.bone02FK.bone02FK.bone03FK.bone03FK.bone04FK.bone04FK.bone05FK.bone05FK.bone06FK.bone06FK.bone07FK.bone07FK.bone08FK.bone08FK.bone09FK.bone09FK.bone10FK.bone10FK.bone11FK.bone11FK.bone12FK.bone12FK as: tentacle_L_bone12FK_ctrl
building: controls.tentacle.IK as: tentacle_L_IK_ctrlSpace type: CtrlSpace
buildGroup: controls.tentacle.IK as: tentacle_L_IK_ctrlSpace
building: controls.tentacle.IK.IK as: tentacle_L_IK_ctrl type: Control
buildControl:controls.tentacle.IK.IK as: tentacle_L_IK_ctrl
building: deformers as: deformers type: Layer
buildLayer: deformers as: deformers
building: deformers.tentacle as: tentacle_L_cmp type: ComponentGroup
buildGroup: deformers.tentacle as: tentacle_L_cmp
building: deformers.tentacle.bone01 as: tentacle_L_bone01_def type: Joint
buildJoint: deformers.tentacle.bone01 as: tentacle_L_bone01_def
building: deformers.tentacle.bone02 as: tentacle_L_bone02_def type: Joint
buildJoint: deformers.tentacle.bone02 as: tentacle_L_bone02_def
building: deformers.tentacle.bone03 as: tentacle_L_bone03_def type: Joint
buildJoint: deformers.tentacle.bone03 as: tentacle_L_bone03_def
building: deformers.tentacle.bone04 as: tentacle_L_bone04_def type: Joint
buildJoint: deformers.tentacle.bone04 as: tentacle_L_bone04_def
building: deformers.tentacle.bone05 as: tentacle_L_bone05_def type: Joint
buildJoint: deformers.tentacle.bone05 as: tentacle_L_bone05_def
building: deformers.tentacle.bone06 as: tentacle_L_bone06_def type: Joint
buildJoint: deformers.tentacle.bone06 as: tentacle_L_bone06_def
building: deformers.tentacle.bone07 as: tentacle_L_bone07_def type: Joint
buildJoint: deformers.tentacle.bone07 as: tentacle_L_bone07_def
building: deformers.tentacle.bone08 as: tentacle_L_bone08_def type: Joint
buildJoint: deformers.tentacle.bone08 as: tentacle_L_bone08_def
building: deformers.tentacle.bone09 as: tentacle_L_bone09_def type: Joint
buildJoint: deformers.tentacle.bone09 as: tentacle_L_bone09_def
building: deformers.tentacle.bone10 as: tentacle_L_bone10_def type: Joint
buildJoint: deformers.tentacle.bone10 as: tentacle_L_bone10_def
building: deformers.tentacle.bone11 as: tentacle_L_bone11_def type: Joint
buildJoint: deformers.tentacle.bone11 as: tentacle_L_bone11_def
building: deformers.tentacle.bone12 as: tentacle_L_bone12_def type: Joint
buildJoint: deformers.tentacle.bone12 as: tentacle_L_bone12_def
building: controls as: controls type: Layer
buildLayer: controls as: controls
building: controls.tentacle as: tentacle_L_cmp type: ComponentGroup
buildGroup: controls.tentacle as: tentacle_L_cmp
building: controls.tentacle.inputs as: tentacle_L_inputs_hrc type: HierarchyGroup
buildHierarchyGroup: controls.tentacle.inputs as: tentacle_L_inputs_hrc
building: controls.tentacle.inputs.rootInput as: tentacle_L_rootInput_cmpIn type: ComponentInput
buildLocator: controls.tentacle.inputs.rootInput as: tentacle_L_rootInput_cmpIn
building: controls.tentacle.outputs as: tentacle_L_outputs_hrc type: HierarchyGroup
buildHierarchyGroup: controls.tentacle.outputs as: tentacle_L_outputs_hrc
building: controls.tentacle.outputs.tentacleEndXfoOutput as: tentacle_L_tentacleEndXfoOutput_cmpOut type: ComponentOutput
buildLocator: controls.tentacle.outputs.tentacleEndXfoOutput as: tentacle_L_tentacleEndXfoOutput_cmpOut
building: controls.tentacle.outputs.bone01 as: tentacle_L_bone01_cmpOut type: ComponentOutput
buildLocator: controls.tentacle.outputs.bone01 as: tentacle_L_bone01_cmpOut
building: controls.tentacle.outputs.bone02 as: tentacle_L_bone02_cmpOut type: ComponentOutput
buildLocator: controls.tentacle.outputs.bone02 as: tentacle_L_bone02_cmpOut
building: controls.tentacle.outputs.bone03 as: tentacle_L_bone03_cmpOut type: ComponentOutput
buildLocator: controls.tentacle.outputs.bone03 as: tentacle_L_bone03_cmpOut
building: controls.tentacle.outputs.bone04 as: tentacle_L_bone04_cmpOut type: ComponentOutput
buildLocator: controls.tentacle.outputs.bone04 as: tentacle_L_bone04_cmpOut
building: controls.tentacle.outputs.bone05 as: tentacle_L_bone05_cmpOut type: ComponentOutput
buildLocator: controls.tentacle.outputs.bone05 as: tentacle_L_bone05_cmpOut
building: controls.tentacle.outputs.bone06 as: tentacle_L_bone06_cmpOut type: ComponentOutput
buildLocator: controls.tentacle.outputs.bone06 as: tentacle_L_bone06_cmpOut
building: controls.tentacle.outputs.bone07 as: tentacle_L_bone07_cmpOut type: ComponentOutput
buildLocator: controls.tentacle.outputs.bone07 as: tentacle_L_bone07_cmpOut
building: controls.tentacle.outputs.bone08 as: tentacle_L_bone08_cmpOut type: ComponentOutput
buildLocator: controls.tentacle.outputs.bone08 as: tentacle_L_bone08_cmpOut
building: controls.tentacle.outputs.bone09 as: tentacle_L_bone09_cmpOut type: ComponentOutput
buildLocator: controls.tentacle.outputs.bone09 as: tentacle_L_bone09_cmpOut
building: controls.tentacle.outputs.bone10 as: tentacle_L_bone10_cmpOut type: ComponentOutput
buildLocator: controls.tentacle.outputs.bone10 as: tentacle_L_bone10_cmpOut
building: controls.tentacle.outputs.bone11 as: tentacle_L_bone11_cmpOut type: ComponentOutput
buildLocator: controls.tentacle.outputs.bone11 as: tentacle_L_bone11_cmpOut
building: controls.tentacle.outputs.bone12 as: tentacle_L_bone12_cmpOut type: ComponentOutput
buildLocator: controls.tentacle.outputs.bone12 as: tentacle_L_bone12_cmpOut
building: controls.tentacle.ChainBase as: tentacle_L_ChainBase_loc type: Locator
buildLocator: controls.tentacle.ChainBase as: tentacle_L_ChainBase_loc
building: controls.tentacle.bone01FK as: tentacle_L_bone01FK_ctrlSpace type: CtrlSpace
buildGroup: controls.tentacle.bone01FK as: tentacle_L_bone01FK_ctrlSpace
building: controls.tentacle.bone01FK.bone01FK as: tentacle_L_bone01FK_ctrl type: Control
buildControl:controls.tentacle.bone01FK.bone01FK as: tentacle_L_bone01FK_ctrl
building: controls.tentacle.bone01FK.bone01FK.bone02FK as: tentacle_L_bone02FK_ctrlSpace type: CtrlSpace
buildGroup: controls.tentacle.bone01FK.bone01FK.bone02FK as: tentacle_L_bone02FK_ctrlSpace
building: controls.tentacle.bone01FK.bone01FK.bone02FK.bone02FK as: tentacle_L_bone02FK_ctrl type: Control
buildControl:controls.tentacle.bone01FK.bone01FK.bone02FK.bone02FK as: tentacle_L_bone02FK_ctrl
building: controls.tentacle.bone01FK.bone01FK.bone02FK.bone02FK.bone03FK as: tentacle_L_bone03FK_ctrlSpace type: CtrlSpace
buildGroup: controls.tentacle.bone01FK.bone01FK.bone02FK.bone02FK.bone03FK as: tentacle_L_bone03FK_ctrlSpace
building: controls.tentacle.bone01FK.bone01FK.bone02FK.bone02FK.bone03FK.bone03FK as: tentacle_L_bone03FK_ctrl type: Control
buildControl:controls.tentacle.bone01FK.bone01FK.bone02FK.bone02FK.bone03FK.bone03FK as: tentacle_L_bone03FK_ctrl
building: controls.tentacle.bone01FK.bone01FK.bone02FK.bone02FK.bone03FK.bone03FK.bone04FK as: tentacle_L_bone04FK_ctrlSpace type: CtrlSpace
buildGroup: controls.tentacle.bone01FK.bone01FK.bone02FK.bone02FK.bone03FK.bone03FK.bone04FK as: tentacle_L_bone04FK_ctrlSpace
building: controls.tentacle.bone01FK.bone01FK.bone02FK.bone02FK.bone03FK.bone03FK.bone04FK.bone04FK as: tentacle_L_bone04FK_ctrl type: Control
buildControl:controls.tentacle.bone01FK.bone01FK.bone02FK.bone02FK.bone03FK.bone03FK.bone04FK.bone04FK as: tentacle_L_bone04FK_ctrl
building: controls.tentacle.bone01FK.bone01FK.bone02FK.bone02FK.bone03FK.bone03FK.bone04FK.bone04FK.bone05FK as: tentacle_L_bone05FK_ctrlSpace type: CtrlSpace
buildGroup: controls.tentacle.bone01FK.bone01FK.bone02FK.bone02FK.bone03FK.bone03FK.bone04FK.bone04FK.bone05FK as: tentacle_L_bone05FK_ctrlSpace
building: controls.tentacle.bone01FK.bone01FK.bone02FK.bone02FK.bone03FK.bone03FK.bone04FK.bone04FK.bone05FK.bone05FK as: tentacle_L_bone05FK_ctrl type: Control
buildControl:controls.tentacle.bone01FK.bone01FK.bone02FK.bone02FK.bone03FK.bone03FK.bone04FK.bone04FK.bone05FK.bone05FK as: tentacle_L_bone05FK_ctrl
building: controls.tentacle.bone01FK.bone01FK.bone02FK.bone02FK.bone03FK.bone03FK.bone04FK.bone04FK.bone05FK.bone05FK.bone06FK as: tentacle_L_bone06FK_ctrlSpace type: CtrlSpace
buildGroup: controls.tentacle.bone01FK.bone01FK.bone02FK.bone02FK.bone03FK.bone03FK.bone04FK.bone04FK.bone05FK.bone05FK.bone06FK as: tentacle_L_bone06FK_ctrlSpace
building: controls.tentacle.bone01FK.bone01FK.bone02FK.bone02FK.bone03FK.bone03FK.bone04FK.bone04FK.bone05FK.bone05FK.bone06FK.bone06FK as: tentacle_L_bone06FK_ctrl type: Control
buildControl:controls.tentacle.bone01FK.bone01FK.bone02FK.bone02FK.bone03FK.bone03FK.bone04FK.bone04FK.bone05FK.bone05FK.bone06FK.bone06FK as: tentacle_L_bone06FK_ctrl
building: controls.tentacle.bone01FK.bone01FK.bone02FK.bone02FK.bone03FK.bone03FK.bone04FK.bone04FK.bone05FK.bone05FK.bone06FK.bone06FK.bone07FK as: tentacle_L_bone07FK_ctrlSpace type: CtrlSpace
buildGroup: controls.tentacle.bone01FK.bone01FK.bone02FK.bone02FK.bone03FK.bone03FK.bone04FK.bone04FK.bone05FK.bone05FK.bone06FK.bone06FK.bone07FK as: tentacle_L_bone07FK_ctrlSpace
building: controls.tentacle.bone01FK.bone01FK.bone02FK.bone02FK.bone03FK.bone03FK.bone04FK.bone04FK.bone05FK.bone05FK.bone06FK.bone06FK.bone07FK.bone07FK as: tentacle_L_bone07FK_ctrl type: Control
buildControl:controls.tentacle.bone01FK.bone01FK.bone02FK.bone02FK.bone03FK.bone03FK.bone04FK.bone04FK.bone05FK.bone05FK.bone06FK.bone06FK.bone07FK.bone07FK as: tentacle_L_bone07FK_ctrl
building: controls.tentacle.bone01FK.bone01FK.bone02FK.bone02FK.bone03FK.bone03FK.bone04FK.bone04FK.bone05FK.bone05FK.bone06FK.bone06FK.bone07FK.bone07FK.bone08FK as: tentacle_L_bone08FK_ctrlSpace type: CtrlSpace
buildGroup: controls.tentacle.bone01FK.bone01FK.bone02FK.bone02FK.bone03FK.bone03FK.bone04FK.bone04FK.bone05FK.bone05FK.bone06FK.bone06FK.bone07FK.bone07FK.bone08FK as: tentacle_L_bone08FK_ctrlSpace
building: controls.tentacle.bone01FK.bone01FK.bone02FK.bone02FK.bone03FK.bone03FK.bone04FK.bone04FK.bone05FK.bone05FK.bone06FK.bone06FK.bone07FK.bone07FK.bone08FK.bone08FK as: tentacle_L_bone08FK_ctrl type: Control
buildControl:controls.tentacle.bone01FK.bone01FK.bone02FK.bone02FK.bone03FK.bone03FK.bone04FK.bone04FK.bone05FK.bone05FK.bone06FK.bone06FK.bone07FK.bone07FK.bone08FK.bone08FK as: tentacle_L_bone08FK_ctrl
building: controls.tentacle.bone01FK.bone01FK.bone02FK.bone02FK.bone03FK.bone03FK.bone04FK.bone04FK.bone05FK.bone05FK.bone06FK.bone06FK.bone07FK.bone07FK.bone08FK.bone08FK.bone09FK as: tentacle_L_bone09FK_ctrlSpace type: CtrlSpace
buildGroup: controls.tentacle.bone01FK.bone01FK.bone02FK.bone02FK.bone03FK.bone03FK.bone04FK.bone04FK.bone05FK.bone05FK.bone06FK.bone06FK.bone07FK.bone07FK.bone08FK.bone08FK.bone09FK as: tentacle_L_bone09FK_ctrlSpace
building: controls.tentacle.bone01FK.bone01FK.bone02FK.bone02FK.bone03FK.bone03FK.bone04FK.bone04FK.bone05FK.bone05FK.bone06FK.bone06FK.bone07FK.bone07FK.bone08FK.bone08FK.bone09FK.bone09FK as: tentacle_L_bone09FK_ctrl type: Control
buildControl:controls.tentacle.bone01FK.bone01FK.bone02FK.bone02FK.bone03FK.bone03FK.bone04FK.bone04FK.bone05FK.bone05FK.bone06FK.bone06FK.bone07FK.bone07FK.bone08FK.bone08FK.bone09FK.bone09FK as: tentacle_L_bone09FK_ctrl
building: controls.tentacle.bone01FK.bone01FK.bone02FK.bone02FK.bone03FK.bone03FK.bone04FK.bone04FK.bone05FK.bone05FK.bone06FK.bone06FK.bone07FK.bone07FK.bone08FK.bone08FK.bone09FK.bone09FK.bone10FK as: tentacle_L_bone10FK_ctrlSpace type: CtrlSpace
buildGroup: controls.tentacle.bone01FK.bone01FK.bone02FK.bone02FK.bone03FK.bone03FK.bone04FK.bone04FK.bone05FK.bone05FK.bone06FK.bone06FK.bone07FK.bone07FK.bone08FK.bone08FK.bone09FK.bone09FK.bone10FK as: tentacle_L_bone10FK_ctrlSpace
building: controls.tentacle.bone01FK.bone01FK.bone02FK.bone02FK.bone03FK.bone03FK.bone04FK.bone04FK.bone05FK.bone05FK.bone06FK.bone06FK.bone07FK.bone07FK.bone08FK.bone08FK.bone09FK.bone09FK.bone10FK.bone10FK as: tentacle_L_bone10FK_ctrl type: Control
buildControl:controls.tentacle.bone01FK.bone01FK.bone02FK.bone02FK.bone03FK.bone03FK.bone04FK.bone04FK.bone05FK.bone05FK.bone06FK.bone06FK.bone07FK.bone07FK.bone08FK.bone08FK.bone09FK.bone09FK.bone10FK.bone10FK as: tentacle_L_bone10FK_ctrl
building: controls.tentacle.bone01FK.bone01FK.bone02FK.bone02FK.bone03FK.bone03FK.bone04FK.bone04FK.bone05FK.bone05FK.bone06FK.bone06FK.bone07FK.bone07FK.bone08FK.bone08FK.bone09FK.bone09FK.bone10FK.bone10FK.bone11FK as: tentacle_L_bone11FK_ctrlSpace type: CtrlSpace
buildGroup: controls.tentacle.bone01FK.bone01FK.bone02FK.bone02FK.bone03FK.bone03FK.bone04FK.bone04FK.bone05FK.bone05FK.bone06FK.bone06FK.bone07FK.bone07FK.bone08FK.bone08FK.bone09FK.bone09FK.bone10FK.bone10FK.bone11FK as: tentacle_L_bone11FK_ctrlSpace
building: controls.tentacle.bone01FK.bone01FK.bone02FK.bone02FK.bone03FK.bone03FK.bone04FK.bone04FK.bone05FK.bone05FK.bone06FK.bone06FK.bone07FK.bone07FK.bone08FK.bone08FK.bone09FK.bone09FK.bone10FK.bone10FK.bone11FK.bone11FK as: tentacle_L_bone11FK_ctrl type: Control
buildControl:controls.tentacle.bone01FK.bone01FK.bone02FK.bone02FK.bone03FK.bone03FK.bone04FK.bone04FK.bone05FK.bone05FK.bone06FK.bone06FK.bone07FK.bone07FK.bone08FK.bone08FK.bone09FK.bone09FK.bone10FK.bone10FK.bone11FK.bone11FK as: tentacle_L_bone11FK_ctrl
building: controls.tentacle.bone01FK.bone01FK.bone02FK.bone02FK.bone03FK.bone03FK.bone04FK.bone04FK.bone05FK.bone05FK.bone06FK.bone06FK.bone07FK.bone07FK.bone08FK.bone08FK.bone09FK.bone09FK.bone10FK.bone10FK.bone11FK.bone11FK.bone12FK as: tentacle_L_bone12FK_ctrlSpace type: CtrlSpace
buildGroup: controls.tentacle.bone01FK.bone01FK.bone02FK.bone02FK.bone03FK.bone03FK.bone04FK.bone04FK.bone05FK.bone05FK.bone06FK.bone06FK.bone07FK.bone07FK.bone08FK.bone08FK.bone09FK.bone09FK.bone10FK.bone10FK.bone11FK.bone11FK.bone12FK as: tentacle_L_bone12FK_ctrlSpace
building: controls.tentacle.bone01FK.bone01FK.bone02FK.bone02FK.bone03FK.bone03FK.bone04FK.bone04FK.bone05FK.bone05FK.bone06FK.bone06FK.bone07FK.bone07FK.bone08FK.bone08FK.bone09FK.bone09FK.bone10FK.bone10FK.bone11FK.bone11FK.bone12FK.bone12FK as: tentacle_L_bone12FK_ctrl type: Control
buildControl:controls.tentacle.bone01FK.bone01FK.bone02FK.bone02FK.bone03FK.bone03FK.bone04FK.bone04FK.bone05FK.bone05FK.bone06FK.bone06FK.bone07FK.bone07FK.bone08FK.bone08FK.bone09FK.bone09FK.bone10FK.bone10FK.bone11FK.bone11FK.bone12FK.bone12FK as: tentacle_L_bone12FK_ctrl
building: controls.tentacle.IK as: tentacle_L_IK_ctrlSpace type: CtrlSpace
buildGroup: controls.tentacle.IK as: tentacle_L_IK_ctrlSpace
building: controls.tentacle.IK.IK as: tentacle_L_IK_ctrl type: Control
buildControl:controls.tentacle.IK.IK as: tentacle_L_IK_ctrl
building: deformers.tentacle as: tentacle_L_cmp type: ComponentGroup
buildGroup: deformers.tentacle as: tentacle_L_cmp
building: deformers.tentacle.bone01 as: tentacle_L_bone01_def type: Joint
buildJoint: deformers.tentacle.bone01 as: tentacle_L_bone01_def
building: deformers.tentacle.bone02 as: tentacle_L_bone02_def type: Joint
buildJoint: deformers.tentacle.bone02 as: tentacle_L_bone02_def
building: deformers.tentacle.bone03 as: tentacle_L_bone03_def type: Joint
buildJoint: deformers.tentacle.bone03 as: tentacle_L_bone03_def
building: deformers.tentacle.bone04 as: tentacle_L_bone04_def type: Joint
buildJoint: deformers.tentacle.bone04 as: tentacle_L_bone04_def
building: deformers.tentacle.bone05 as: tentacle_L_bone05_def type: Joint
buildJoint: deformers.tentacle.bone05 as: tentacle_L_bone05_def
building: deformers.tentacle.bone06 as: tentacle_L_bone06_def type: Joint
buildJoint: deformers.tentacle.bone06 as: tentacle_L_bone06_def
building: deformers.tentacle.bone07 as: tentacle_L_bone07_def type: Joint
buildJoint: deformers.tentacle.bone07 as: tentacle_L_bone07_def
building: deformers.tentacle.bone08 as: tentacle_L_bone08_def type: Joint
buildJoint: deformers.tentacle.bone08 as: tentacle_L_bone08_def
building: deformers.tentacle.bone09 as: tentacle_L_bone09_def type: Joint
buildJoint: deformers.tentacle.bone09 as: tentacle_L_bone09_def
building: deformers.tentacle.bone10 as: tentacle_L_bone10_def type: Joint
buildJoint: deformers.tentacle.bone10 as: tentacle_L_bone10_def
building: deformers.tentacle.bone11 as: tentacle_L_bone11_def type: Joint
buildJoint: deformers.tentacle.bone11 as: tentacle_L_bone11_def
building: deformers.tentacle.bone12 as: tentacle_L_bone12_def type: Joint
buildJoint: deformers.tentacle.bone12 as: tentacle_L_bone12_def
deformers
deformers.tentacle:L
deformers.tentacle:L.bone01
deformers.tentacle:L.bone02
deformers.tentacle:L.bone03
deformers.tentacle:L.bone04
deformers.tentacle:L.bone05
deformers.tentacle:L.bone06
deformers.tentacle:L.bone07
deformers.tentacle:L.bone08
deformers.tentacle:L.bone09
deformers.tentacle:L.bone10
deformers.tentacle:L.bone11
deformers.tentacle:L.bone12
controls
controls.tentacle:L
controls.tentacle:L.inputs
controls.tentacle:L.inputs.rootInput
controls.tentacle:L.outputs
controls.tentacle:L.outputs.tentacleEndXfoOutput
controls.tentacle:L.outputs.bone01
controls.tentacle:L.outputs.bone02
controls.tentacle:L.outputs.bone03
controls.tentacle:L.outputs.bone04
controls.tentacle:L.outputs.bone05
controls.tentacle:L.outputs.bone06
controls.tentacle:L.outputs.bone07
controls.tentacle:L.outputs.bone08
controls.tentacle:L.outputs.bone09
controls.tentacle:L.outputs.bone10
controls.tentacle:L.outputs.bone11
controls.tentacle:L.outputs.bone12
controls.tentacle:L.ChainBase
controls.tentacle:L.bone01FK
controls.tentacle:L.bone01FK.bone01FK
controls.tentacle:L.bone01FK.bone01FK.bone02FK
controls.tentacle:L.bone01FK.bone01FK.bone02FK.bone02FK
controls.tentacle:L.bone01FK.bone01FK.bone02FK.bone02FK.bone03FK
controls.tentacle:L.bone01FK.bone01FK.bone02FK.bone02FK.bone03FK.bone03FK
controls.tentacle:L.bone01FK.bone01FK.bone02FK.bone02FK.bone03FK.bone03FK.bone04FK
controls.tentacle:L.bone01FK.bone01FK.bone02FK.bone02FK.bone03FK.bone03FK.bone04FK.bone04FK
controls.tentacle:L.bone01FK.bone01FK.bone02FK.bone02FK.bone03FK.bone03FK.bone04FK.bone04FK.bone05FK
controls.tentacle:L.bone01FK.bone01FK.bone02FK.bone02FK.bone03FK.bone03FK.bone04FK.bone04FK.bone05FK.bone05FK
controls.tentacle:L.bone01FK.bone01FK.bone02FK.bone02FK.bone03FK.bone03FK.bone04FK.bone04FK.bone05FK.bone05FK.bone06FK
controls.tentacle:L.bone01FK.bone01FK.bone02FK.bone02FK.bone03FK.bone03FK.bone04FK.bone04FK.bone05FK.bone05FK.bone06FK.bone06FK
controls.tentacle:L.bone01FK.bone01FK.bone02FK.bone02FK.bone03FK.bone03FK.bone04FK.bone04FK.bone05FK.bone05FK.bone06FK.bone06FK.bone07FK
controls.tentacle:L.bone01FK.bone01FK.bone02FK.bone02FK.bone03FK.bone03FK.bone04FK.bone04FK.bone05FK.bone05FK.bone06FK.bone06FK.bone07FK.bone07FK
controls.tentacle:L.bone01FK.bone01FK.bone02FK.bone02FK.bone03FK.bone03FK.bone04FK.bone04FK.bone05FK.bone05FK.bone06FK.bone06FK.bone07FK.bone07FK.bone08FK
controls.tentacle:L.bone01FK.bone01FK.bone02FK.bone02FK.bone03FK.bone03FK.bone04FK.bone04FK.bone05FK.bone05FK.bone06FK.bone06FK.bone07FK.bone07FK.bone08FK.bone08FK
controls.tentacle:L.bone01FK.bone01FK.bone02FK.bone02FK.bone03FK.bone03FK.bone04FK.bone04FK.bone05FK.bone05FK.bone06FK.bone06FK.bone07FK.bone07FK.bone08FK.bone08FK.bone09FK
controls.tentacle:L.bone01FK.bone01FK.bone02FK.bone02FK.bone03FK.bone03FK.bone04FK.bone04FK.bone05FK.bone05FK.bone06FK.bone06FK.bone07FK.bone07FK.bone08FK.bone08FK.bone09FK.bone09FK
controls.tentacle:L.bone01FK.bone01FK.bone02FK.bone02FK.bone03FK.bone03FK.bone04FK.bone04FK.bone05FK.bone05FK.bone06FK.bone06FK.bone07FK.bone07FK.bone08FK.bone08FK.bone09FK.bone09FK.bone10FK
controls.tentacle:L.bone01FK.bone01FK.bone02FK.bone02FK.bone03FK.bone03FK.bone04FK.bone04FK.bone05FK.bone05FK.bone06FK.bone06FK.bone07FK.bone07FK.bone08FK.bone08FK.bone09FK.bone09FK.bone10FK.bone10FK
controls.tentacle:L.bone01FK.bone01FK.bone02FK.bone02FK.bone03FK.bone03FK.bone04FK.bone04FK.bone05FK.bone05FK.bone06FK.bone06FK.bone07FK.bone07FK.bone08FK.bone08FK.bone09FK.bone09FK.bone10FK.bone10FK.bone11FK
controls.tentacle:L.bone01FK.bone01FK.bone02FK.bone02FK.bone03FK.bone03FK.bone04FK.bone04FK.bone05FK.bone05FK.bone06FK.bone06FK.bone07FK.bone07FK.bone08FK.bone08FK.bone09FK.bone09FK.bone10FK.bone10FK.bone11FK.bone11FK
controls.tentacle:L.bone01FK.bone01FK.bone02FK.bone02FK.bone03FK.bone03FK.bone04FK.bone04FK.bone05FK.bone05FK.bone06FK.bone06FK.bone07FK.bone07FK.bone08FK.bone08FK.bone09FK.bone09FK.bone10FK.bone10FK.bone11FK.bone11FK.bone12FK
controls.tentacle:L.bone01FK.bone01FK.bone02FK.bone02FK.bone03FK.bone03FK.bone04FK.bone04FK.bone05FK.bone05FK.bone06FK.bone06FK.bone07FK.bone07FK.bone08FK.bone08FK.bone09FK.bone09FK.bone10FK.bone10FK.bone11FK.bone11FK.bone12FK.bone12FK
controls.tentacle:L.IK
controls.tentacle:L.IK.IK
