connections
name
components
	mainSrt
	spine
	neck
	head
	clavicle
	clavicle
	arm
	arm
	hand
	hand
	leg
	leg
	foot
	foot
metaData
