char_bob
char_bob.spine:M
char_bob.controls
char_bob.controls.spine:M
char_bob.controls.spine:M.inputs
char_bob.controls.spine:M.inputs.mainSrt
char_bob.controls.spine:M.outputs
char_bob.controls.spine:M.outputs.cog
char_bob.controls.spine:M.outputs.spineBase
char_bob.controls.spine:M.outputs.pelvis
char_bob.controls.spine:M.outputs.spineEnd
char_bob.controls.spine:M.cogPosition
char_bob.controls.spine:M.spine01Position
char_bob.controls.spine:M.spine02Position
char_bob.controls.spine:M.spine03Position
char_bob.controls.spine:M.spine04Position
char_bob.controls.neck:M
char_bob.controls.neck:M.inputs
char_bob.controls.neck:M.inputs.neckBase
char_bob.controls.neck:M.outputs
char_bob.controls.neck:M.outputs.neck
char_bob.controls.neck:M.outputs.neckEnd
char_bob.controls.neck:M.neck
char_bob.controls.neck:M.neckEnd
char_bob.controls.head:M
char_bob.controls.head:M.inputs
char_bob.controls.head:M.inputs.headBase
char_bob.controls.head:M.outputs
char_bob.controls.head:M.outputs.head
char_bob.controls.head:M.outputs.jaw
char_bob.controls.head:M.outputs.eyeL
char_bob.controls.head:M.outputs.eyeR
char_bob.controls.head:M.head
char_bob.controls.head:M.headEnd
char_bob.controls.head:M.eyeLeft
char_bob.controls.head:M.eyeRight
char_bob.controls.head:M.jaw
char_bob.controls.Clavicle:L
char_bob.controls.Clavicle:L.inputs
char_bob.controls.Clavicle:L.inputs.spineEnd
char_bob.controls.Clavicle:L.outputs
char_bob.controls.Clavicle:L.outputs.clavicle
char_bob.controls.Clavicle:L.outputs.clavicleEnd
char_bob.controls.Clavicle:L.clavicle
char_bob.controls.Clavicle:L.clavicleUpV
char_bob.controls.Clavicle:L.clavicleEnd
char_bob.controls.Clavicle:R
char_bob.controls.Clavicle:R.inputs
char_bob.controls.Clavicle:R.inputs.spineEnd
char_bob.controls.Clavicle:R.outputs
char_bob.controls.Clavicle:R.outputs.clavicle
char_bob.controls.Clavicle:R.outputs.clavicleEnd
char_bob.controls.Clavicle:R.clavicle
char_bob.controls.Clavicle:R.clavicleUpV
char_bob.controls.Clavicle:R.clavicleEnd
char_bob.controls.Arm:L
char_bob.controls.Arm:L.inputs
char_bob.controls.Arm:L.inputs.globalSRT
char_bob.controls.Arm:L.inputs.root
char_bob.controls.Arm:L.outputs
char_bob.controls.Arm:L.outputs.bicep
char_bob.controls.Arm:L.outputs.forearm
char_bob.controls.Arm:L.outputs.wrist
char_bob.controls.Arm:L.bicep
char_bob.controls.Arm:L.forearm
char_bob.controls.Arm:L.wrist
char_bob.controls.Arm:R
char_bob.controls.Arm:R.inputs
char_bob.controls.Arm:R.inputs.globalSRT
char_bob.controls.Arm:R.inputs.root
char_bob.controls.Arm:R.outputs
char_bob.controls.Arm:R.outputs.bicep
char_bob.controls.Arm:R.outputs.forearm
char_bob.controls.Arm:R.outputs.wrist
char_bob.controls.Arm:R.bicep
char_bob.controls.Arm:R.forearm
char_bob.controls.Arm:R.wrist
char_bob.controls.Leg:L
char_bob.controls.Leg:L.inputs
char_bob.controls.Leg:L.inputs.globalSRT
char_bob.controls.Leg:L.inputs.pelvisInput
char_bob.controls.Leg:L.inputs.ikTarget
char_bob.controls.Leg:L.outputs
char_bob.controls.Leg:L.outputs.femur
char_bob.controls.Leg:L.outputs.shin
char_bob.controls.Leg:L.outputs.ikHandle
char_bob.controls.Leg:L.outputs.legEnd
char_bob.controls.Leg:L.outputs.legEndFK
char_bob.controls.Leg:L.femur
char_bob.controls.Leg:L.knee
char_bob.controls.Leg:L.ankle
char_bob.controls.Leg:R
char_bob.controls.Leg:R.inputs
char_bob.controls.Leg:R.inputs.globalSRT
char_bob.controls.Leg:R.inputs.pelvisInput
char_bob.controls.Leg:R.inputs.ikTarget
char_bob.controls.Leg:R.outputs
char_bob.controls.Leg:R.outputs.femur
char_bob.controls.Leg:R.outputs.shin
char_bob.controls.Leg:R.outputs.ikHandle
char_bob.controls.Leg:R.outputs.legEnd
char_bob.controls.Leg:R.outputs.legEndFK
char_bob.controls.Leg:R.femur
char_bob.controls.Leg:R.knee
char_bob.controls.Leg:R.ankle
char_bob.neck:M
char_bob.head:M
char_bob.Clavicle:L
char_bob.Clavicle:R
char_bob.Arm:L
char_bob.Arm:R
char_bob.Leg:L
char_bob.Leg:R
