{
    "tree": [
        {
            "duration": 0.059999942779541016,
            "children": [
                {
                    "duration": 0.009999990463256836,
                    "label": "fn2"
                }
            ],
            "label": "fn1"
        },
        {
            "duration": 0.25999999046325684,
            "children": [
                {
                    "duration": 0.009999990463256836,
                    "label": "fn2"
                },
                {
                    "duration": 0.04999995231628418,
                    "children": [
                        {
                            "duration": 0.0,
                            "label": "fn2"
                        }
                    ],
                    "label": "fn1"
                }
            ],
            "label": "fn3"
        }
    ]
}
