Traceback (most recent call last):
  File "tests\profiler\unmatchedPushBrackets.py", line 15, in <module>
    profiler.pop()
  File "Python\kraken\core\profiler.py", line 75, in pop
    """times than push.""")
Exception: Unable to close bracket. Pop has been called more times than push.

