Xfo:{'sc': {'y': 2.299999952316284, 'x': 2.299999952316284, '__mathObjectClass__': 'Vec3', 'z': 2.299999952316284}, '__mathObjectClass__': 'Xfo', 'tr': {'y': 35.0, 'x': 32.0, '__mathObjectClass__': 'Vec3', 'z': 234.0}, 'ori': {'__mathObjectClass__': 'Quat', 'w': 1.0, 'v': {'y': 0.0, 'x': 0.0, '__mathObjectClass__': 'Vec3', 'z': 0.0}}}
Xfo2:Xfo(ori=Quat(Vec3(0.0,0.0,0.0),1.0), tr=Vec3(32.0,35.0,234.0), sc=Vec3(2.29999995232,2.29999995232,2.29999995232))
Xfo3:Xfo(ori=Quat(Vec3(0.0,0.0,0.0),1.0), tr=Vec3(32.0,35.0,234.0), sc=Vec3(2.29999995232,2.29999995232,2.29999995232))
