euler:Euler(x=0.0, y=0.0, z=0.0, ro= 'RotationOrder(order='0')')
mat33:Mat33(Vec3(1.0,0.0,0.0),Vec3(0.0,1.0,0.0),Vec3(0.0,0.0,1.0))
euler:Euler(x=1.0, y=0.0, z=2.0, ro= 'RotationOrder(order='4')')
mat33:Mat33(Vec3(-0.416146844625,-0.491295456886,0.765147387981),Vec3(0.909297406673,-0.224845081568,0.350175470114),Vec3(0.0,0.841470956802,0.540302276611))
clone:Euler(x=1.0, y=0.0, z=2.0, ro= 'RotationOrder(order='4')')
euler:Euler(x=1.0, y=0.0, z=2.0, ro= 'RotationOrder(order='0')')
equal:False
not equal:True
