mat33:Mat33(Vec3(1.0,0.0,0.0),Vec3(0.0,1.0,0.0),Vec3(0.0,0.0,1.0))
clone:Mat33(Vec3(1.0,0.0,0.0),Vec3(0.0,1.0,0.0),Vec3(0.0,0.0,1.0))
equal:False
not equal:True
add:Mat33(Vec3(1.0,1.0,0.0),Vec3(0.0,2.0,0.0),Vec3(0.0,0.0,2.0))
subtract:Mat33(Vec3(1.0,-1.0,0.0),Vec3(0.0,0.0,0.0),Vec3(0.0,0.0,0.0))
multiply:Mat33(Vec3(0.0,1.0,0.0),Vec3(0.0,1.0,0.0),Vec3(0.0,0.0,1.0))
