mat44:Mat44(Vec4(0.532870650291,-0.548664212227,0.644217669964,1.0),Vec4(0.84548842907,0.314076662064,-0.431862384081,2.0),Vec4(0.0346137285233,0.774805426598,0.631251513958,3.0),Vec4(0.0,0.0,0.0,1.0))
clone:Mat44(Vec4(0.532870650291,-0.548664212227,0.644217669964,1.0),Vec4(0.84548842907,0.314076662064,-0.431862384081,2.0),Vec4(0.0346137285233,0.774805426598,0.631251513958,3.0),Vec4(0.0,0.0,0.0,1.0))
equal:False
not equal:True
add:Mat44(Vec4(0.532870650291,0.451335787773,0.644217669964,2.0),Vec4(0.84548842907,1.31407666206,-0.431862384081,2.0),Vec4(0.0346137285233,0.774805426598,1.63125157356,3.0),Vec4(0.0,0.0,0.0,2.0))
subtract:Mat44(Vec4(0.532870650291,-1.54866421223,0.644217669964,0.0),Vec4(0.84548842907,-0.685923337936,-0.431862384081,2.0),Vec4(0.0346137285233,0.774805426598,-0.368748486042,3.0),Vec4(0.0,0.0,0.0,0.0))
multiply:Mat44(Vec4(0.0,-0.0157935619354,0.644217669964,1.53287065029),Vec4(0.0,1.15956509113,-0.431862384081,2.84548854828),Vec4(0.0,0.809419155121,0.631251513958,3.03461360931),Vec4(0.0,0.0,0.0,1.0))
