tr:Vec3(32.0,35.0,234.0)
sc:Vec3(2.29999995232,2.29999995232,2.29999995232)
xfo:Xfo(ori=Quat(Vec3(0.0,0.0,0.0),1.0), tr=Vec3(32.0,35.0,234.0), sc=Vec3(2.29999995232,2.29999995232,2.29999995232))
euler:Euler(x=0.0, y=0.0, z=0.0, ro= 'RotationOrder(order='0')')
