quat:Quat(Vec3(0.0,0.0,0.0),1.0)
mat33:Mat33(Vec3(1.0,0.0,0.0),Vec3(0.0,1.0,0.0),Vec3(0.0,0.0,1.0))
quat:Quat(Vec3(1.0,0.0,2.0),0.5)
mat33:Mat33(Vec3(-7.0,-2.0,4.0),Vec3(2.0,-9.0,-1.0),Vec3(4.0,1.0,-1.0))
equal:False
not equal:True
add:Quat(Vec3(1.0,1.0,2.0),1.84000003338)
subtract:Quat(Vec3(1.0,-1.0,2.0),-0.840000033379)
multiply:Quat(Vec3(-0.659999966621,0.5,3.68000006676),0.670000016689)
divide:Quat(Vec3(3.34000015259,-0.5,1.68000006676),0.670000016689)
