vec3:Vec3(3.0,0.0,0.0)
length:3.0
vec3:Vec3(1.0,0.0,2.0)
length:2.23606801033
clone:Vec3(1.0,0.0,2.0)
equal:False
not equal:True
add:Vec3(0.0,1.0,0.0)
subtract:Vec3(0.0,-1.0,0.0)
multiply:Vec3(0.0,0.0,0.0)
divide:Vec3(nan,0.0,nan)
