xfo:Xfo(ori=Quat(Vec3(0.0,0.0,0.0),1.0), tr=Vec3(0.0,0.0,0.0), sc=Vec3(1.0,1.0,1.0))
mat44:Mat44(Vec4(1.0,0.0,0.0,0.0),Vec4(0.0,1.0,0.0,0.0),Vec4(0.0,0.0,1.0,0.0),Vec4(0.0,0.0,0.0,1.0))
xfo:Xfo(ori=Quat(Vec3(0.436435759068,0.0,0.872871518135),0.218217879534), tr=Vec3(1.0,0.0,2.0), sc=Vec3(1.0,1.0,1.0))
mat44:Mat44(Vec4(-0.523809432983,-0.380952358246,0.761904716492,1.0),Vec4(0.380952358246,-0.904761791229,-0.190476179123,0.0),Vec4(0.761904716492,0.190476179123,0.619047641754,2.0),Vec4(0.0,0.0,0.0,1.0))
linearInterpolate:Xfo(ori=Quat(Vec3(0.279603689909,0.0,0.559207379818),0.780454337597), tr=Vec3(0.5,0.0,1.0), sc=Vec3(1.0,1.0,1.0))
clone:Xfo(ori=Quat(Vec3(0.436435759068,0.0,0.872871518135),0.218217879534), tr=Vec3(1.0,0.0,2.0), sc=Vec3(1.0,1.0,1.0))
equal:False
not equal:True
multiply:Xfo(ori=Quat(Vec3(0.436435759068,0.0,0.872871518135),0.218217879534), tr=Vec3(1.0,0.0,2.0), sc=Vec3(1.0,1.0,1.0))
