Failed to find DCC builder. Falling back to Python builder.
building: controls.Arm as: Arm_L_cmp type: ComponentGroup
buildGroup: controls.Arm as: Arm_L_cmp
building: controls.Arm.inputs as: Arm_L_inputs_hrc type: HierarchyGroup
buildHierarchyGroup: controls.Arm.inputs as: Arm_L_inputs_hrc
building: controls.Arm.inputs.globalSRT as: Arm_L_globalSRT_cmpIn type: ComponentInput
buildLocator: controls.Arm.inputs.globalSRT as: Arm_L_globalSRT_cmpIn
building: controls.Arm.inputs.root as: Arm_L_root_cmpIn type: ComponentInput
buildLocator: controls.Arm.inputs.root as: Arm_L_root_cmpIn
building: controls.Arm.outputs as: Arm_L_outputs_hrc type: HierarchyGroup
buildHierarchyGroup: controls.Arm.outputs as: Arm_L_outputs_hrc
building: controls.Arm.outputs.bicep as: Arm_L_bicep_cmpOut type: ComponentOutput
buildLocator: controls.Arm.outputs.bicep as: Arm_L_bicep_cmpOut
building: controls.Arm.outputs.forearm as: Arm_L_forearm_cmpOut type: ComponentOutput
buildLocator: controls.Arm.outputs.forearm as: Arm_L_forearm_cmpOut
building: controls.Arm.outputs.wrist as: Arm_L_wrist_cmpOut type: ComponentOutput
buildLocator: controls.Arm.outputs.wrist as: Arm_L_wrist_cmpOut
building: controls.Arm.bicepFK as: Arm_L_bicepFK_ctrlSpace type: CtrlSpace
buildGroup: controls.Arm.bicepFK as: Arm_L_bicepFK_ctrlSpace
building: controls.Arm.bicepFK.bicepFK as: Arm_L_bicepFK_ctrl type: Control
buildControl:controls.Arm.bicepFK.bicepFK as: Arm_L_bicepFK_ctrl
building: controls.Arm.bicepFK.bicepFK.forearmFK as: Arm_L_forearmFK_ctrlSpace type: CtrlSpace
buildGroup: controls.Arm.bicepFK.bicepFK.forearmFK as: Arm_L_forearmFK_ctrlSpace
building: controls.Arm.bicepFK.bicepFK.forearmFK.forearmFK as: Arm_L_forearmFK_ctrl type: Control
buildControl:controls.Arm.bicepFK.bicepFK.forearmFK.forearmFK as: Arm_L_forearmFK_ctrl
building: controls.Arm.IK as: Arm_L_IK_ctrlSpace type: CtrlSpace
buildGroup: controls.Arm.IK as: Arm_L_IK_ctrlSpace
building: controls.Arm.IK.IK as: Arm_L_IK_ctrl type: Control
buildControl:controls.Arm.IK.IK as: Arm_L_IK_ctrl
building: controls.Arm.ikPosition as: Arm_L_ikPosition_null type: Transform
buildGroup: controls.Arm.ikPosition as: Arm_L_ikPosition_null
building: controls.Arm.UpV as: Arm_L_UpV_ctrlSpace type: CtrlSpace
buildGroup: controls.Arm.UpV as: Arm_L_UpV_ctrlSpace
building: controls.Arm.UpV.UpV as: Arm_L_UpV_ctrl type: Control
buildControl:controls.Arm.UpV.UpV as: Arm_L_UpV_ctrl
building: deformers as: deformers type: Layer
buildLayer: deformers as: deformers
building: deformers.Arm as: Arm_L_cmp type: ComponentGroup
buildGroup: deformers.Arm as: Arm_L_cmp
building: deformers.Arm.bicep as: Arm_L_bicep_def type: Joint
buildJoint: deformers.Arm.bicep as: Arm_L_bicep_def
building: deformers.Arm.forearm as: Arm_L_forearm_def type: Joint
buildJoint: deformers.Arm.forearm as: Arm_L_forearm_def
building: deformers.Arm.wrist as: Arm_L_wrist_def type: Joint
buildJoint: deformers.Arm.wrist as: Arm_L_wrist_def
building: controls as: controls type: Layer
buildLayer: controls as: controls
building: controls.Arm as: Arm_L_cmp type: ComponentGroup
buildGroup: controls.Arm as: Arm_L_cmp
building: controls.Arm.inputs as: Arm_L_inputs_hrc type: HierarchyGroup
buildHierarchyGroup: controls.Arm.inputs as: Arm_L_inputs_hrc
building: controls.Arm.inputs.globalSRT as: Arm_L_globalSRT_cmpIn type: ComponentInput
buildLocator: controls.Arm.inputs.globalSRT as: Arm_L_globalSRT_cmpIn
building: controls.Arm.inputs.root as: Arm_L_root_cmpIn type: ComponentInput
buildLocator: controls.Arm.inputs.root as: Arm_L_root_cmpIn
building: controls.Arm.outputs as: Arm_L_outputs_hrc type: HierarchyGroup
buildHierarchyGroup: controls.Arm.outputs as: Arm_L_outputs_hrc
building: controls.Arm.outputs.bicep as: Arm_L_bicep_cmpOut type: ComponentOutput
buildLocator: controls.Arm.outputs.bicep as: Arm_L_bicep_cmpOut
building: controls.Arm.outputs.forearm as: Arm_L_forearm_cmpOut type: ComponentOutput
buildLocator: controls.Arm.outputs.forearm as: Arm_L_forearm_cmpOut
building: controls.Arm.outputs.wrist as: Arm_L_wrist_cmpOut type: ComponentOutput
buildLocator: controls.Arm.outputs.wrist as: Arm_L_wrist_cmpOut
building: controls.Arm.bicepFK as: Arm_L_bicepFK_ctrlSpace type: CtrlSpace
buildGroup: controls.Arm.bicepFK as: Arm_L_bicepFK_ctrlSpace
building: controls.Arm.bicepFK.bicepFK as: Arm_L_bicepFK_ctrl type: Control
buildControl:controls.Arm.bicepFK.bicepFK as: Arm_L_bicepFK_ctrl
building: controls.Arm.bicepFK.bicepFK.forearmFK as: Arm_L_forearmFK_ctrlSpace type: CtrlSpace
buildGroup: controls.Arm.bicepFK.bicepFK.forearmFK as: Arm_L_forearmFK_ctrlSpace
building: controls.Arm.bicepFK.bicepFK.forearmFK.forearmFK as: Arm_L_forearmFK_ctrl type: Control
buildControl:controls.Arm.bicepFK.bicepFK.forearmFK.forearmFK as: Arm_L_forearmFK_ctrl
building: controls.Arm.IK as: Arm_L_IK_ctrlSpace type: CtrlSpace
buildGroup: controls.Arm.IK as: Arm_L_IK_ctrlSpace
building: controls.Arm.IK.IK as: Arm_L_IK_ctrl type: Control
buildControl:controls.Arm.IK.IK as: Arm_L_IK_ctrl
building: controls.Arm.ikPosition as: Arm_L_ikPosition_null type: Transform
buildGroup: controls.Arm.ikPosition as: Arm_L_ikPosition_null
building: controls.Arm.UpV as: Arm_L_UpV_ctrlSpace type: CtrlSpace
buildGroup: controls.Arm.UpV as: Arm_L_UpV_ctrlSpace
building: controls.Arm.UpV.UpV as: Arm_L_UpV_ctrl type: Control
buildControl:controls.Arm.UpV.UpV as: Arm_L_UpV_ctrl
building: deformers.Arm as: Arm_L_cmp type: ComponentGroup
buildGroup: deformers.Arm as: Arm_L_cmp
building: deformers.Arm.bicep as: Arm_L_bicep_def type: Joint
buildJoint: deformers.Arm.bicep as: Arm_L_bicep_def
building: deformers.Arm.forearm as: Arm_L_forearm_def type: Joint
buildJoint: deformers.Arm.forearm as: Arm_L_forearm_def
building: deformers.Arm.wrist as: Arm_L_wrist_def type: Joint
buildJoint: deformers.Arm.wrist as: Arm_L_wrist_def
Failed to find DCC builder. Falling back to Python builder.
building: controls.Arm as: L_Arm_cmp type: ComponentGroup
buildGroup: controls.Arm as: L_Arm_cmp
building: controls.Arm.inputs as: L_Arm_inputs_hrc type: HierarchyGroup
buildHierarchyGroup: controls.Arm.inputs as: L_Arm_inputs_hrc
building: controls.Arm.inputs.globalSRT as: L_Arm_globalSRT_cmpIn type: ComponentInput
buildLocator: controls.Arm.inputs.globalSRT as: L_Arm_globalSRT_cmpIn
building: controls.Arm.inputs.root as: L_Arm_root_cmpIn type: ComponentInput
buildLocator: controls.Arm.inputs.root as: L_Arm_root_cmpIn
building: controls.Arm.outputs as: L_Arm_outputs_hrc type: HierarchyGroup
buildHierarchyGroup: controls.Arm.outputs as: L_Arm_outputs_hrc
building: controls.Arm.outputs.bicep as: L_Arm_bicep_cmpOut type: ComponentOutput
buildLocator: controls.Arm.outputs.bicep as: L_Arm_bicep_cmpOut
building: controls.Arm.outputs.forearm as: L_Arm_forearm_cmpOut type: ComponentOutput
buildLocator: controls.Arm.outputs.forearm as: L_Arm_forearm_cmpOut
building: controls.Arm.outputs.wrist as: L_Arm_wrist_cmpOut type: ComponentOutput
buildLocator: controls.Arm.outputs.wrist as: L_Arm_wrist_cmpOut
building: controls.Arm.bicepFK as: L_Arm_bicepFK_ctrlSpace type: CtrlSpace
buildGroup: controls.Arm.bicepFK as: L_Arm_bicepFK_ctrlSpace
building: controls.Arm.bicepFK.bicepFK as: L_Arm_bicepFK_ctrl type: Control
buildControl:controls.Arm.bicepFK.bicepFK as: L_Arm_bicepFK_ctrl
building: controls.Arm.bicepFK.bicepFK.forearmFK as: L_Arm_forearmFK_ctrlSpace type: CtrlSpace
buildGroup: controls.Arm.bicepFK.bicepFK.forearmFK as: L_Arm_forearmFK_ctrlSpace
building: controls.Arm.bicepFK.bicepFK.forearmFK.forearmFK as: L_Arm_forearmFK_ctrl type: Control
buildControl:controls.Arm.bicepFK.bicepFK.forearmFK.forearmFK as: L_Arm_forearmFK_ctrl
building: controls.Arm.IK as: L_Arm_IK_ctrlSpace type: CtrlSpace
buildGroup: controls.Arm.IK as: L_Arm_IK_ctrlSpace
building: controls.Arm.IK.IK as: L_Arm_IK_ctrl type: Control
buildControl:controls.Arm.IK.IK as: L_Arm_IK_ctrl
building: controls.Arm.ikPosition as: L_Arm_ikPosition_null type: Transform
buildGroup: controls.Arm.ikPosition as: L_Arm_ikPosition_null
building: controls.Arm.UpV as: L_Arm_UpV_ctrlSpace type: CtrlSpace
buildGroup: controls.Arm.UpV as: L_Arm_UpV_ctrlSpace
building: controls.Arm.UpV.UpV as: L_Arm_UpV_ctrl type: Control
buildControl:controls.Arm.UpV.UpV as: L_Arm_UpV_ctrl
building: deformers as: deformers type: Layer
buildLayer: deformers as: deformers
building: deformers.Arm as: L_Arm_cmp type: ComponentGroup
buildGroup: deformers.Arm as: L_Arm_cmp
building: deformers.Arm.bicep as: L_Arm_bicep_def type: Joint
buildJoint: deformers.Arm.bicep as: L_Arm_bicep_def
building: deformers.Arm.forearm as: L_Arm_forearm_def type: Joint
buildJoint: deformers.Arm.forearm as: L_Arm_forearm_def
building: deformers.Arm.wrist as: L_Arm_wrist_def type: Joint
buildJoint: deformers.Arm.wrist as: L_Arm_wrist_def
building: controls as: controls type: Layer
buildLayer: controls as: controls
building: controls.Arm as: L_Arm_cmp type: ComponentGroup
buildGroup: controls.Arm as: L_Arm_cmp
building: controls.Arm.inputs as: L_Arm_inputs_hrc type: HierarchyGroup
buildHierarchyGroup: controls.Arm.inputs as: L_Arm_inputs_hrc
building: controls.Arm.inputs.globalSRT as: L_Arm_globalSRT_cmpIn type: ComponentInput
buildLocator: controls.Arm.inputs.globalSRT as: L_Arm_globalSRT_cmpIn
building: controls.Arm.inputs.root as: L_Arm_root_cmpIn type: ComponentInput
buildLocator: controls.Arm.inputs.root as: L_Arm_root_cmpIn
building: controls.Arm.outputs as: L_Arm_outputs_hrc type: HierarchyGroup
buildHierarchyGroup: controls.Arm.outputs as: L_Arm_outputs_hrc
building: controls.Arm.outputs.bicep as: L_Arm_bicep_cmpOut type: ComponentOutput
buildLocator: controls.Arm.outputs.bicep as: L_Arm_bicep_cmpOut
building: controls.Arm.outputs.forearm as: L_Arm_forearm_cmpOut type: ComponentOutput
buildLocator: controls.Arm.outputs.forearm as: L_Arm_forearm_cmpOut
building: controls.Arm.outputs.wrist as: L_Arm_wrist_cmpOut type: ComponentOutput
buildLocator: controls.Arm.outputs.wrist as: L_Arm_wrist_cmpOut
building: controls.Arm.bicepFK as: L_Arm_bicepFK_ctrlSpace type: CtrlSpace
buildGroup: controls.Arm.bicepFK as: L_Arm_bicepFK_ctrlSpace
building: controls.Arm.bicepFK.bicepFK as: L_Arm_bicepFK_ctrl type: Control
buildControl:controls.Arm.bicepFK.bicepFK as: L_Arm_bicepFK_ctrl
building: controls.Arm.bicepFK.bicepFK.forearmFK as: L_Arm_forearmFK_ctrlSpace type: CtrlSpace
buildGroup: controls.Arm.bicepFK.bicepFK.forearmFK as: L_Arm_forearmFK_ctrlSpace
building: controls.Arm.bicepFK.bicepFK.forearmFK.forearmFK as: L_Arm_forearmFK_ctrl type: Control
buildControl:controls.Arm.bicepFK.bicepFK.forearmFK.forearmFK as: L_Arm_forearmFK_ctrl
building: controls.Arm.IK as: L_Arm_IK_ctrlSpace type: CtrlSpace
buildGroup: controls.Arm.IK as: L_Arm_IK_ctrlSpace
building: controls.Arm.IK.IK as: L_Arm_IK_ctrl type: Control
buildControl:controls.Arm.IK.IK as: L_Arm_IK_ctrl
building: controls.Arm.ikPosition as: L_Arm_ikPosition_null type: Transform
buildGroup: controls.Arm.ikPosition as: L_Arm_ikPosition_null
building: controls.Arm.UpV as: L_Arm_UpV_ctrlSpace type: CtrlSpace
buildGroup: controls.Arm.UpV as: L_Arm_UpV_ctrlSpace
building: controls.Arm.UpV.UpV as: L_Arm_UpV_ctrl type: Control
buildControl:controls.Arm.UpV.UpV as: L_Arm_UpV_ctrl
building: deformers.Arm as: L_Arm_cmp type: ComponentGroup
buildGroup: deformers.Arm as: L_Arm_cmp
building: deformers.Arm.bicep as: L_Arm_bicep_def type: Joint
buildJoint: deformers.Arm.bicep as: L_Arm_bicep_def
building: deformers.Arm.forearm as: L_Arm_forearm_def type: Joint
buildJoint: deformers.Arm.forearm as: L_Arm_forearm_def
building: deformers.Arm.wrist as: L_Arm_wrist_def type: Joint
buildJoint: deformers.Arm.wrist as: L_Arm_wrist_def
