Failed to find DCC client. Falling back to Python client.
Visited locatorA
Visited locatorA.settings
Visited locatorA.settings.flag
Visited locatorB
Visited locatorB.settings
Visited locatorB.settings.flag
