Failed to find DCC client. Falling back to Python client.
Visited locatorB
Visited locatorA
Visited A to B
