Failed to find DCC client. Falling back to Python client.
Visited locatorA
Visited locatorA.locatorB
Visited locatorA.locatorB.locatorD
Visited locatorA.locatorB.locatorC
