Failed to find DCC client. Falling back to Python client.
Visited spine:M
Visited controls
Visited controls.spine:M
Visited controls.spine:M.inputs
Visited controls.spine:M.inputs.inputs
Visited controls.spine:M.inputs.inputs.drawDebug
Visited controls.spine:M.inputs.inputs.rigScale
Visited controls.spine:M.inputs.inputs.length
Visited controls.spine:M.inputs.mainSrt
Visited controls.spine:M.outputs
Visited controls.spine:M.outputs.outputs
Visited controls.spine:M.outputs.cog
Visited controls.spine:M.cog
Visited controls.spine:M.cog.cog_To_mainSrt
Visited controls.spine:M.cog.cog
Visited controls.spine:M.outputs.cog.cog_To_cog
Visited controls.spine:M.outputs.spineBase
Visited controls.spine:M.outputs.spine01
Visited controls.spine:M.outputs.spine02
Visited controls.spine:M.outputs.spine03
Visited controls.spine:M.outputs.spine04
Visited controls.spine:M.cog.cog.spine01
Visited controls.spine:M.cog.cog.spine01.spine01
Visited controls.spine:M.cog.cog.spine01.spine01.spine02
Visited controls.spine:M.cog.cog.spine01.spine01.spine02.spine02
Visited controls.spine:M.cog.cog.spine01.spine01.spine02.spine02.spine03
Visited controls.spine:M.cog.cog.spine01.spine01.spine02.spine02.spine03.spine03
Visited controls.spine:M.cog.cog.spine04
Visited controls.spine:M.cog.cog.spine04.spine04
Visited spine:M.spineKLOp
Visited controls.spine:M.outputs.spineBase.spineBase_To_spineBase
Visited controls.spine:M.outputs.pelvis
Visited controls.spine:M.cog.cog.pelvis
Visited controls.spine:M.cog.cog.pelvis.pelvis
Visited controls.spine:M.outputs.pelvis.pelvis_To_pelvis
Visited controls.spine:M.outputs.spineEnd
Visited controls.spine:M.outputs.spineEnd.spineEnd_To_spineEnd
Visited deformers.spine:M.spine01
Visited deformers
Visited deformers.spine:M
Visited deformers.spine:M.spine02
Visited deformers.spine:M.spine03
Visited deformers.spine:M.spine04
Visited spine:M.spineDeformerKLOp
Visited deformers.spine:M.pelvis
Visited spine:M.pelvisDeformerKLOp
