Failed to find DCC client. Falling back to Python client.
Visited locatorInA
Visited locatorInB
Visited locatorOutA
Visited locatorOutB
Visited IK
