Failed to find DCC builder. Falling back to Python builder.
