0
1
2
3
4
5
Failed to find DCC builder. Falling back to Python builder.
