{
  "connections": [
    {
      "source": "spine:M.spineEnd", 
      "_comment": "Neck to Spine", 
      "target": "neck:M.neckBase"
    }, 
    {
      "source": "neck:M.neckEnd", 
      "_comment": "Head to Neck", 
      "target": "head:M.headBase"
    }, 
    {
      "source": "spine:M.spineEnd", 
      "_comment": "LClavicle to Spine", 
      "target": "Clavicle:L.spineEnd"
    }, 
    {
      "source": "Clavicle:L.clavicleEnd", 
      "_comment": "LArm to LClavicle", 
      "target": "Arm:L.root"
    }, 
    {
      "source": "Clavicle:R.clavicleEnd", 
      "_comment": "RArm to RClavicle", 
      "target": "Arm:R.root"
    }, 
    {
      "source": "spine:M.spineEnd", 
      "_comment": "RClavicle to Spine", 
      "target": "Clavicle:R.spineEnd"
    }, 
    {
      "source": "spine:M.pelvis", 
      "_comment": "LLeg To Pelvis Connections", 
      "target": "Leg:L.pelvisInput"
    }, 
    {
      "source": "spine:M.pelvis", 
      "_comment": "RLeg To Pelvis Connections", 
      "target": "Leg:R.pelvisInput"
    }
  ], 
  "components": [
    {
      "spine03Position": {
        "y": 12.449600219726562, 
        "x": 0.0, 
        "__mathObjectClass__": "Vec3", 
        "z": -0.36489999294281006
      }, 
      "spine01Position": {
        "y": 11.135100364685059, 
        "x": 0.0, 
        "__mathObjectClass__": "Vec3", 
        "z": -0.13819999992847443
      }, 
      "numDeformers": 6, 
      "cogPosition": {
        "y": 11.135100364685059, 
        "x": 0.0, 
        "__mathObjectClass__": "Vec3", 
        "z": -0.13819999992847443
      }, 
      "spine02Position": {
        "y": 11.801300048828125, 
        "x": 0.0, 
        "__mathObjectClass__": "Vec3", 
        "z": -0.19949999451637268
      }, 
      "class": "kraken_components.biped.spine_component.SpineComponentGuide", 
      "spine04Position": {
        "y": 13.10509967803955, 
        "x": 0.0, 
        "__mathObjectClass__": "Vec3", 
        "z": -0.4821000099182129
      }
    }, 
    {
      "neckPosition": {
        "y": 16.557199478149414, 
        "x": 0.0, 
        "__mathObjectClass__": "Vec3", 
        "z": -0.6915000081062317
      }, 
      "class": "kraken_components.biped.neck_component.NeckComponentGuide", 
      "neckEndPosition": {
        "y": 17.47559928894043, 
        "x": 0.0, 
        "__mathObjectClass__": "Vec3", 
        "z": -0.42100000381469727
      }
    }, 
    {
      "jawPosition": {
        "y": 17.613000869750977, 
        "x": 0.0, 
        "__mathObjectClass__": "Vec3", 
        "z": -0.27309998869895935
      }, 
      "eyeLeftPosition": {
        "y": 18.087799072265625, 
        "x": 0.349700003862381, 
        "__mathObjectClass__": "Vec3", 
        "z": 0.6087999939918518
      }, 
      "headPosition": {
        "y": 17.47559928894043, 
        "x": 0.0, 
        "__mathObjectClass__": "Vec3", 
        "z": -0.42100000381469727
      }, 
      "headEndPosition": {
        "y": 19.5, 
        "x": 0.0, 
        "__mathObjectClass__": "Vec3", 
        "z": -0.42100000381469727
      }, 
      "class": "kraken_components.biped.head_component.HeadComponentGuide", 
      "eyeRightPosition": {
        "y": 18.087799072265625, 
        "x": -0.349700003862381, 
        "__mathObjectClass__": "Vec3", 
        "z": 0.6087999939918518
      }
    }, 
    {
      "name": "Clavicle", 
      "clavicleUpVXfo": {
        "sc": {
          "y": 1.0, 
          "x": 1.0, 
          "__mathObjectClass__": "Vec3", 
          "z": 1.0
        }, 
        "__mathObjectClass__": "Xfo", 
        "tr": {
          "y": 1.0, 
          "x": 0.0, 
          "__mathObjectClass__": "Vec3", 
          "z": 0.0
        }, 
        "ori": {
          "__mathObjectClass__": "Quat", 
          "w": 1.0, 
          "v": {
            "y": 0.0, 
            "x": 0.0, 
            "__mathObjectClass__": "Vec3", 
            "z": 0.0
          }
        }
      }, 
      "clavicleEndXfo": {
        "sc": {
          "y": 1.0, 
          "x": 1.0, 
          "__mathObjectClass__": "Vec3", 
          "z": 1.0
        }, 
        "__mathObjectClass__": "Xfo", 
        "tr": {
          "y": 15.295000076293945, 
          "x": 2.2699999809265137, 
          "__mathObjectClass__": "Vec3", 
          "z": -0.753000020980835
        }, 
        "ori": {
          "__mathObjectClass__": "Quat", 
          "w": 1.0, 
          "v": {
            "y": 0.0, 
            "x": 0.0, 
            "__mathObjectClass__": "Vec3", 
            "z": 0.0
          }
        }
      }, 
      "location": "L", 
      "class": "kraken_components.biped.clavicle_component.ClavicleComponentGuide", 
      "clavicleXfo": {
        "sc": {
          "y": 1.0, 
          "x": 1.0, 
          "__mathObjectClass__": "Vec3", 
          "z": 1.0
        }, 
        "__mathObjectClass__": "Xfo", 
        "tr": {
          "y": 15.402999877929688, 
          "x": 0.13220000267028809, 
          "__mathObjectClass__": "Vec3", 
          "z": -0.5723000168800354
        }, 
        "ori": {
          "__mathObjectClass__": "Quat", 
          "w": 1.0, 
          "v": {
            "y": 0.0, 
            "x": 0.0, 
            "__mathObjectClass__": "Vec3", 
            "z": 0.0
          }
        }
      }
    }, 
    {
      "name": "Clavicle", 
      "clavicleUpVXfo": {
        "sc": {
          "y": 1.0, 
          "x": 1.0, 
          "__mathObjectClass__": "Vec3", 
          "z": 1.0
        }, 
        "__mathObjectClass__": "Xfo", 
        "tr": {
          "y": 1.0, 
          "x": 0.0, 
          "__mathObjectClass__": "Vec3", 
          "z": 0.0
        }, 
        "ori": {
          "__mathObjectClass__": "Quat", 
          "w": 1.0, 
          "v": {
            "y": 0.0, 
            "x": 0.0, 
            "__mathObjectClass__": "Vec3", 
            "z": 0.0
          }
        }
      }, 
      "clavicleEndXfo": {
        "sc": {
          "y": 1.0, 
          "x": 1.0, 
          "__mathObjectClass__": "Vec3", 
          "z": 1.0
        }, 
        "__mathObjectClass__": "Xfo", 
        "tr": {
          "y": 15.295000076293945, 
          "x": -2.2699999809265137, 
          "__mathObjectClass__": "Vec3", 
          "z": -0.753000020980835
        }, 
        "ori": {
          "__mathObjectClass__": "Quat", 
          "w": 1.0, 
          "v": {
            "y": 0.0, 
            "x": 0.0, 
            "__mathObjectClass__": "Vec3", 
            "z": 0.0
          }
        }
      }, 
      "location": "R", 
      "class": "kraken_components.biped.clavicle_component.ClavicleComponentGuide", 
      "clavicleXfo": {
        "sc": {
          "y": 1.0, 
          "x": 1.0, 
          "__mathObjectClass__": "Vec3", 
          "z": 1.0
        }, 
        "__mathObjectClass__": "Xfo", 
        "tr": {
          "y": 15.402999877929688, 
          "x": -0.13220000267028809, 
          "__mathObjectClass__": "Vec3", 
          "z": -0.5723000168800354
        }, 
        "ori": {
          "__mathObjectClass__": "Quat", 
          "w": 1.0, 
          "v": {
            "y": 0.0, 
            "x": 0.0, 
            "__mathObjectClass__": "Vec3", 
            "z": 0.0
          }
        }
      }
    }, 
    {
      "forearmFKCtrlSize": 1.5, 
      "name": "Arm", 
      "bicepXfo": {
        "sc": {
          "y": 1.0, 
          "x": 1.0, 
          "__mathObjectClass__": "Vec3", 
          "z": 1.0
        }, 
        "__mathObjectClass__": "Xfo", 
        "tr": {
          "y": 15.295000076293945, 
          "x": 2.2699999809265137, 
          "__mathObjectClass__": "Vec3", 
          "z": -0.753000020980835
        }, 
        "ori": {
          "__mathObjectClass__": "Quat", 
          "w": 1.0, 
          "v": {
            "y": 0.0, 
            "x": 0.0, 
            "__mathObjectClass__": "Vec3", 
            "z": 0.0
          }
        }
      }, 
      "forearmXfo": {
        "sc": {
          "y": 1.0, 
          "x": 1.0, 
          "__mathObjectClass__": "Vec3", 
          "z": 1.0
        }, 
        "__mathObjectClass__": "Xfo", 
        "tr": {
          "y": 13.5600004196167, 
          "x": 5.039000034332275, 
          "__mathObjectClass__": "Vec3", 
          "z": -0.859000027179718
        }, 
        "ori": {
          "__mathObjectClass__": "Quat", 
          "w": 1.0, 
          "v": {
            "y": 0.0, 
            "x": 0.0, 
            "__mathObjectClass__": "Vec3", 
            "z": 0.0
          }
        }
      }, 
      "wristXfo": {
        "sc": {
          "y": 1.0, 
          "x": 1.0, 
          "__mathObjectClass__": "Vec3", 
          "z": 1.0
        }, 
        "__mathObjectClass__": "Xfo", 
        "tr": {
          "y": 12.281900405883789, 
          "x": 7.188600063323975, 
          "__mathObjectClass__": "Vec3", 
          "z": 0.49059998989105225
        }, 
        "ori": {
          "__mathObjectClass__": "Quat", 
          "w": 1.0, 
          "v": {
            "y": 0.0, 
            "x": 0.0, 
            "__mathObjectClass__": "Vec3", 
            "z": 0.0
          }
        }
      }, 
      "location": "L", 
      "handXfo": {
        "sc": {
          "y": 1.0, 
          "x": 1.0, 
          "__mathObjectClass__": "Vec3", 
          "z": 1.0
        }, 
        "__mathObjectClass__": "Xfo", 
        "tr": {
          "y": 12.281900405883789, 
          "x": 7.188600063323975, 
          "__mathObjectClass__": "Vec3", 
          "z": 0.49059998989105225
        }, 
        "ori": {
          "__mathObjectClass__": "Quat", 
          "w": 0.9330999851226807, 
          "v": {
            "y": -0.23010000586509705, 
            "x": -0.08649999648332596, 
            "__mathObjectClass__": "Vec3", 
            "z": -0.2623000144958496
          }
        }
      }, 
      "class": "kraken_components.biped.arm_component.ArmComponentGuide", 
      "bicepFKCtrlSize": 1.75
    }, 
    {
      "forearmFKCtrlSize": 1.5, 
      "name": "Arm", 
      "bicepXfo": {
        "sc": {
          "y": 1.0, 
          "x": 1.0, 
          "__mathObjectClass__": "Vec3", 
          "z": 1.0
        }, 
        "__mathObjectClass__": "Xfo", 
        "tr": {
          "y": 15.295000076293945, 
          "x": -2.2699999809265137, 
          "__mathObjectClass__": "Vec3", 
          "z": -0.753000020980835
        }, 
        "ori": {
          "__mathObjectClass__": "Quat", 
          "w": 1.0, 
          "v": {
            "y": 0.0, 
            "x": 0.0, 
            "__mathObjectClass__": "Vec3", 
            "z": 0.0
          }
        }
      }, 
      "forearmXfo": {
        "sc": {
          "y": 1.0, 
          "x": 1.0, 
          "__mathObjectClass__": "Vec3", 
          "z": 1.0
        }, 
        "__mathObjectClass__": "Xfo", 
        "tr": {
          "y": 13.5600004196167, 
          "x": -5.039000034332275, 
          "__mathObjectClass__": "Vec3", 
          "z": -0.859000027179718
        }, 
        "ori": {
          "__mathObjectClass__": "Quat", 
          "w": 1.0, 
          "v": {
            "y": 0.0, 
            "x": 0.0, 
            "__mathObjectClass__": "Vec3", 
            "z": 0.0
          }
        }
      }, 
      "wristXfo": {
        "sc": {
          "y": 1.0, 
          "x": 1.0, 
          "__mathObjectClass__": "Vec3", 
          "z": 1.0
        }, 
        "__mathObjectClass__": "Xfo", 
        "tr": {
          "y": 12.281900405883789, 
          "x": -7.188600063323975, 
          "__mathObjectClass__": "Vec3", 
          "z": 0.49059998989105225
        }, 
        "ori": {
          "__mathObjectClass__": "Quat", 
          "w": 1.0, 
          "v": {
            "y": 0.0, 
            "x": 0.0, 
            "__mathObjectClass__": "Vec3", 
            "z": 0.0
          }
        }
      }, 
      "location": "R", 
      "handXfo": {
        "sc": {
          "y": 1.0, 
          "x": 1.0, 
          "__mathObjectClass__": "Vec3", 
          "z": 1.0
        }, 
        "__mathObjectClass__": "Xfo", 
        "tr": {
          "y": 12.281900405883789, 
          "x": -7.188600063323975, 
          "__mathObjectClass__": "Vec3", 
          "z": 0.49059998989105225
        }, 
        "ori": {
          "__mathObjectClass__": "Quat", 
          "w": 0.2623000144958496, 
          "v": {
            "y": -0.08649999648332596, 
            "x": -0.23010000586509705, 
            "__mathObjectClass__": "Vec3", 
            "z": -0.9330999851226807
          }
        }
      }, 
      "class": "kraken_components.biped.arm_component.ArmComponentGuide", 
      "bicepFKCtrlSize": 1.75
    }, 
    {
      "toeTipXfo": {
        "sc": {
          "y": 1.0, 
          "x": 1.0, 
          "__mathObjectClass__": "Vec3", 
          "z": 1.0
        }, 
        "__mathObjectClass__": "Xfo", 
        "tr": {
          "y": 0.4000000059604645, 
          "x": 1.850000023841858, 
          "__mathObjectClass__": "Vec3", 
          "z": 1.5
        }, 
        "ori": {
          "__mathObjectClass__": "Quat", 
          "w": 1.0, 
          "v": {
            "y": 0.0, 
            "x": 0.0, 
            "__mathObjectClass__": "Vec3", 
            "z": 0.0
          }
        }
      }, 
      "name": "Leg", 
      "ankleXfo": {
        "sc": {
          "y": 1.0, 
          "x": 1.0, 
          "__mathObjectClass__": "Vec3", 
          "z": 1.0
        }, 
        "__mathObjectClass__": "Xfo", 
        "tr": {
          "y": 1.1516000032424927, 
          "x": 1.840999960899353, 
          "__mathObjectClass__": "Vec3", 
          "z": -1.2369999885559082
        }, 
        "ori": {
          "__mathObjectClass__": "Quat", 
          "w": 1.0, 
          "v": {
            "y": 0.0, 
            "x": 0.0, 
            "__mathObjectClass__": "Vec3", 
            "z": 0.0
          }
        }
      }, 
      "kneeXfo": {
        "sc": {
          "y": 1.0, 
          "x": 1.0, 
          "__mathObjectClass__": "Vec3", 
          "z": 1.0
        }, 
        "__mathObjectClass__": "Xfo", 
        "tr": {
          "y": 5.441800117492676, 
          "x": 1.448799967765808, 
          "__mathObjectClass__": "Vec3", 
          "z": -0.5347999930381775
        }, 
        "ori": {
          "__mathObjectClass__": "Quat", 
          "w": 1.0, 
          "v": {
            "y": 0.0, 
            "x": 0.0, 
            "__mathObjectClass__": "Vec3", 
            "z": 0.0
          }
        }
      }, 
      "toeXfo": {
        "sc": {
          "y": 1.0, 
          "x": 1.0, 
          "__mathObjectClass__": "Vec3", 
          "z": 1.0
        }, 
        "__mathObjectClass__": "Xfo", 
        "tr": {
          "y": 0.4000000059604645, 
          "x": 1.850000023841858, 
          "__mathObjectClass__": "Vec3", 
          "z": 0.25
        }, 
        "ori": {
          "__mathObjectClass__": "Quat", 
          "w": 1.0, 
          "v": {
            "y": 0.0, 
            "x": 0.0, 
            "__mathObjectClass__": "Vec3", 
            "z": 0.0
          }
        }
      }, 
      "location": "L", 
      "class": "kraken_components.biped.leg_component.LegComponentGuide", 
      "femurXfo": {
        "sc": {
          "y": 1.0, 
          "x": 1.0, 
          "__mathObjectClass__": "Vec3", 
          "z": 1.0
        }, 
        "__mathObjectClass__": "Xfo", 
        "tr": {
          "y": 9.769000053405762, 
          "x": 0.9811000227928162, 
          "__mathObjectClass__": "Vec3", 
          "z": -0.45719999074935913
        }, 
        "ori": {
          "__mathObjectClass__": "Quat", 
          "w": 1.0, 
          "v": {
            "y": 0.0, 
            "x": 0.0, 
            "__mathObjectClass__": "Vec3", 
            "z": 0.0
          }
        }
      }
    }, 
    {
      "toeTipXfo": {
        "sc": {
          "y": 1.0, 
          "x": 1.0, 
          "__mathObjectClass__": "Vec3", 
          "z": 1.0
        }, 
        "__mathObjectClass__": "Xfo", 
        "tr": {
          "y": 0.4000000059604645, 
          "x": -1.850000023841858, 
          "__mathObjectClass__": "Vec3", 
          "z": 1.5
        }, 
        "ori": {
          "__mathObjectClass__": "Quat", 
          "w": 1.0, 
          "v": {
            "y": 0.0, 
            "x": 0.0, 
            "__mathObjectClass__": "Vec3", 
            "z": 0.0
          }
        }
      }, 
      "name": "Leg", 
      "ankleXfo": {
        "sc": {
          "y": 1.0, 
          "x": 1.0, 
          "__mathObjectClass__": "Vec3", 
          "z": 1.0
        }, 
        "__mathObjectClass__": "Xfo", 
        "tr": {
          "y": 1.1516000032424927, 
          "x": -1.840999960899353, 
          "__mathObjectClass__": "Vec3", 
          "z": -1.2369999885559082
        }, 
        "ori": {
          "__mathObjectClass__": "Quat", 
          "w": 1.0, 
          "v": {
            "y": 0.0, 
            "x": 0.0, 
            "__mathObjectClass__": "Vec3", 
            "z": 0.0
          }
        }
      }, 
      "kneeXfo": {
        "sc": {
          "y": 1.0, 
          "x": 1.0, 
          "__mathObjectClass__": "Vec3", 
          "z": 1.0
        }, 
        "__mathObjectClass__": "Xfo", 
        "tr": {
          "y": 5.441800117492676, 
          "x": -1.448799967765808, 
          "__mathObjectClass__": "Vec3", 
          "z": -0.5347999930381775
        }, 
        "ori": {
          "__mathObjectClass__": "Quat", 
          "w": 1.0, 
          "v": {
            "y": 0.0, 
            "x": 0.0, 
            "__mathObjectClass__": "Vec3", 
            "z": 0.0
          }
        }
      }, 
      "toeXfo": {
        "sc": {
          "y": 1.0, 
          "x": 1.0, 
          "__mathObjectClass__": "Vec3", 
          "z": 1.0
        }, 
        "__mathObjectClass__": "Xfo", 
        "tr": {
          "y": 0.4000000059604645, 
          "x": -1.850000023841858, 
          "__mathObjectClass__": "Vec3", 
          "z": 0.25
        }, 
        "ori": {
          "__mathObjectClass__": "Quat", 
          "w": 1.0, 
          "v": {
            "y": 0.0, 
            "x": 0.0, 
            "__mathObjectClass__": "Vec3", 
            "z": 0.0
          }
        }
      }, 
      "location": "R", 
      "class": "kraken_components.biped.leg_component.LegComponentGuide", 
      "femurXfo": {
        "sc": {
          "y": 1.0, 
          "x": 1.0, 
          "__mathObjectClass__": "Vec3", 
          "z": 1.0
        }, 
        "__mathObjectClass__": "Xfo", 
        "tr": {
          "y": 9.769000053405762, 
          "x": -0.9811000227928162, 
          "__mathObjectClass__": "Vec3", 
          "z": -0.45719999074935913
        }, 
        "ori": {
          "__mathObjectClass__": "Quat", 
          "w": 1.0, 
          "v": {
            "y": 0.0, 
            "x": 0.0, 
            "__mathObjectClass__": "Vec3", 
            "z": 0.0
          }
        }
      }
    }
  ]
}
True
